The target architecture is set to "i386:x86-64".
0x000000000000fff0 in exception_stacks ()
Hardware assisted breakpoint 1 at 0xffffffff81bd1b10: file /home/xuyu.guest/x86-linux-lab-work/linux-src/init/main.c, line 693.

Breakpoint 1, rest_init () at /home/xuyu.guest/x86-linux-lab-work/linux-src/init/main.c:693
693		rcu_scheduler_starting();
BOOT init_task pid=0 mm=(nil) active_mm=0xffffffff8255a820
Hardware assisted breakpoint 2 at 0xffffffff81064b90: file /home/xuyu.guest/x86-linux-lab-work/linux-src/kernel/fork.c, line 2544.

Breakpoint 2, kernel_clone (args=args@entry=0xffffffff82403e90) at /home/xuyu.guest/x86-linux-lab-work/linux-src/kernel/fork.c:2544
2544	{
CLONE_ONE flags=0x800300 entry=0xffffffff81bd1bc0
kernel_init in section .text

Breakpoint 2, kernel_clone (args=args@entry=0xffffffff82403e90) at /home/xuyu.guest/x86-linux-lab-work/linux-src/kernel/fork.c:2544
2544	{
CLONE_TWO flags=0x800700 entry=0xffffffff81089490
kthreadd in section .text
Hardware assisted breakpoint 3 at 0xffffffff81bd1bc0: file /home/xuyu.guest/x86-linux-lab-work/linux-src/init/main.c, line 1504.

Breakpoint 3, kernel_init (unused=0x0 <fixed_percpu_data>) at /home/xuyu.guest/x86-linux-lab-work/linux-src/init/main.c:1504
1504		wait_for_completion(&kthreadd_done);
KERNEL_INIT_HIT
#0  kernel_init (unused=0x0 <fixed_percpu_data>) at /home/xuyu.guest/x86-linux-lab-work/linux-src/init/main.c:1504
#1  0xffffffff810019b2 in ret_from_fork () at /home/xuyu.guest/x86-linux-lab-work/linux-src/arch/x86/entry/entry_64.S:295
#2  0x0000000000000000 in ?? ()
[Inferior 1 (process 1) detached]
