c[?7l[2J[0mSeaBIOS (version 1.15.0-1)


iPXE (https://ipxe.org) 00:03.0 CA00 PCI2.10 PnP PMM+1FF8B340+1FECB340 CA00
Press Ctrl-B to configure iPXE (PCI 00:03.0)...                                                                               


Booting from ROM..c[?7l[2J[    0.000000] Linux version 5.15.0 (xuyu@lima-linux-x86-builder) (x86_64-linux-gnu-gcc (Ubuntu 11.4.0-1ubuntu1~22.04.3) 11.4.0, GNU ld (GNU Binutils for Ubuntu) 2.38) #1 SMP Sat Aug 29 10:43:49 CST 2026
[    0.000000] Command line: console=ttyS0 nokaslr rdinit=/init panic=-1
[    0.000000] x86/fpu: Supporting XSAVE feature 0x001: 'x87 floating point registers'
[    0.000000] x86/fpu: Supporting XSAVE feature 0x002: 'SSE registers'
[    0.000000] x86/fpu: Supporting XSAVE feature 0x008: 'MPX bounds registers'
[    0.000000] x86/fpu: Supporting XSAVE feature 0x010: 'MPX CSR'
[    0.000000] x86/fpu: Supporting XSAVE feature 0x200: 'Protection Keys User registers'
[    0.000000] x86/fpu: xstate_offset[3]:  960, xstate_sizes[3]:   64
[    0.000000] x86/fpu: xstate_offset[4]: 1024, xstate_sizes[4]:   64
[    0.000000] x86/fpu: xstate_offset[9]: 2688, xstate_sizes[9]:    8
[    0.000000] x86/fpu: Enabled xstate features 0x21b, context size is 2696 bytes, using 'standard' format.
[    0.000000] signal: max sigframe size: 3632
[    0.000000] BIOS-provided physical RAM map:
[    0.000000] BIOS-e820: [mem 0x0000000000000000-0x000000000009fbff] usable
[    0.000000] BIOS-e820: [mem 0x000000000009fc00-0x000000000009ffff] reserved
[    0.000000] BIOS-e820: [mem 0x00000000000f0000-0x00000000000fffff] reserved
[    0.000000] BIOS-e820: [mem 0x0000000000100000-0x000000001ffdffff] usable
[    0.000000] BIOS-e820: [mem 0x000000001ffe0000-0x000000001fffffff] reserved
[    0.000000] BIOS-e820: [mem 0x00000000fffc0000-0x00000000ffffffff] reserved
[    0.000000] NX (Execute Disable) protection: active
[    0.000000] SMBIOS 2.8 present.
[    0.000000] DMI: QEMU Standard PC (i440FX + PIIX, 1996), BIOS 1.15.0-1 04/01/2014
[    0.000000] tsc: Fast TSC calibration using PIT
[    0.000000] tsc: Detected 1000.011 MHz processor
[    0.004065] last_pfn = 0x1ffe0 max_arch_pfn = 0x10000000000
[    0.004383] x86/PAT: Configuration [0-7]: WB  WC  UC- UC  WB  WP  UC- WT  
[    0.009922] found SMP MP-table at [mem 0x000f5ba0-0x000f5baf]
[    0.010720] Using GB pages for direct mapping
[    0.012210] RAMDISK: [mem 0x1fe2d000-0x1ffdffff]
[    0.012403] ACPI: Early table checksum verification disabled
[    0.012555] ACPI: RSDP 0x00000000000F59E0 000014 (v00 BOCHS )
[    0.012665] ACPI: RSDT 0x000000001FFE1905 000034 (v01 BOCHS  BXPC     00000001 BXPC 00000001)
[    0.012918] ACPI: FACP 0x000000001FFE17B9 000074 (v01 BOCHS  BXPC     00000001 BXPC 00000001)
[    0.013144] ACPI: DSDT 0x000000001FFE0040 001779 (v01 BOCHS  BXPC     00000001 BXPC 00000001)
[    0.013181] ACPI: FACS 0x000000001FFE0000 000040
[    0.013204] ACPI: APIC 0x000000001FFE182D 000078 (v01 BOCHS  BXPC     00000001 BXPC 00000001)
[    0.013214] ACPI: HPET 0x000000001FFE18A5 000038 (v01 BOCHS  BXPC     00000001 BXPC 00000001)
[    0.013224] ACPI: WAET 0x000000001FFE18DD 000028 (v01 BOCHS  BXPC     00000001 BXPC 00000001)
[    0.013255] ACPI: Reserving FACP table memory at [mem 0x1ffe17b9-0x1ffe182c]
[    0.013268] ACPI: Reserving DSDT table memory at [mem 0x1ffe0040-0x1ffe17b8]
[    0.013273] ACPI: Reserving FACS table memory at [mem 0x1ffe0000-0x1ffe003f]
[    0.013277] ACPI: Reserving APIC table memory at [mem 0x1ffe182d-0x1ffe18a4]
[    0.013280] ACPI: Reserving HPET table memory at [mem 0x1ffe18a5-0x1ffe18dc]
[    0.013284] ACPI: Reserving WAET table memory at [mem 0x1ffe18dd-0x1ffe1904]
[    0.014461] No NUMA configuration found
[    0.014472] Faking a node at [mem 0x0000000000000000-0x000000001ffdffff]
[    0.014740] NODE_DATA(0) allocated [mem 0x1fe29000-0x1fe2cfff]
[    0.018383] Zone ranges:
[    0.018396]   DMA      [mem 0x0000000000001000-0x0000000000ffffff]
[    0.018427]   DMA32    [mem 0x0000000001000000-0x000000001ffdffff]
[    0.018433]   Normal   empty
[    0.018441] Movable zone start for each node
[    0.018456] Early memory node ranges
[    0.018468]   node   0: [mem 0x0000000000001000-0x000000000009efff]
[    0.018518]   node   0: [mem 0x0000000000100000-0x000000001ffdffff]
[    0.018599] Initmem setup node 0 [mem 0x0000000000001000-0x000000001ffdffff]
[    0.018949] On node 0, zone DMA: 1 pages in unavailable ranges
[    0.019044] On node 0, zone DMA: 97 pages in unavailable ranges
[    0.020459] On node 0, zone DMA32: 32 pages in unavailable ranges
[    0.020645] ACPI: PM-Timer IO Port: 0x608
[    0.020836] ACPI: LAPIC_NMI (acpi_id[0xff] dfl dfl lint[0x1])
[    0.020994] IOAPIC[0]: apic_id 0, version 32, address 0xfec00000, GSI 0-23
[    0.021048] ACPI: INT_SRC_OVR (bus 0 bus_irq 0 global_irq 2 dfl dfl)
[    0.021152] ACPI: INT_SRC_OVR (bus 0 bus_irq 5 global_irq 5 high level)
[    0.021167] ACPI: INT_SRC_OVR (bus 0 bus_irq 9 global_irq 9 high level)
[    0.021205] ACPI: INT_SRC_OVR (bus 0 bus_irq 10 global_irq 10 high level)
[    0.021210] ACPI: INT_SRC_OVR (bus 0 bus_irq 11 global_irq 11 high level)
[    0.021285] ACPI: Using ACPI (MADT) for SMP configuration information
[    0.021306] ACPI: HPET id: 0x8086a201 base: 0xfed00000
[    0.021445] smpboot: Allowing 1 CPUs, 0 hotplug CPUs
[    0.021807] PM: hibernation: Registered nosave memory: [mem 0x00000000-0x00000fff]
[    0.021828] PM: hibernation: Registered nosave memory: [mem 0x0009f000-0x0009ffff]
[    0.021838] PM: hibernation: Registered nosave memory: [mem 0x000a0000-0x000effff]
[    0.021841] PM: hibernation: Registered nosave memory: [mem 0x000f0000-0x000fffff]
[    0.021886] [mem 0x20000000-0xfffbffff] available for PCI devices
[    0.022024] clocksource: refined-jiffies: mask: 0xffffffff max_cycles: 0xffffffff, max_idle_ns: 1910969940391419 ns
[    0.027616] setup_percpu: NR_CPUS:64 nr_cpumask_bits:64 nr_cpu_ids:1 nr_node_ids:1
[    0.033665] percpu: Embedded 48 pages/cpu s157976 r8192 d30440 u2097152
[    0.034745] Built 1 zonelists, mobility grouping on.  Total pages: 128736
[    0.034754] Policy zone: DMA32
[    0.034824] Kernel command line: console=ttyS0 nokaslr rdinit=/init panic=-1
[    0.036698] Dentry cache hash table entries: 65536 (order: 7, 524288 bytes, linear)
[    0.037372] Inode-cache hash table entries: 32768 (order: 6, 262144 bytes, linear)
[    0.037975] mem auto-init: stack:off, heap alloc:off, heap free:off
[    0.040922] Memory: 480212K/523768K available (14350K kernel code, 2582K rwdata, 3588K rodata, 1352K init, 1508K bss, 43356K reserved, 0K cma-reserved)
[    0.042264] SLUB: HWalign=64, Order=0-3, MinObjects=0, CPUs=1, Nodes=1
[    0.045430] rcu: Hierarchical RCU implementation.
[    0.045438] rcu: 	RCU event tracing is enabled.
[    0.045449] rcu: 	RCU restricting CPUs from NR_CPUS=64 to nr_cpu_ids=1.
[    0.045532] rcu: RCU calculated value of scheduler-enlistment delay is 100 jiffies.
[    0.045548] rcu: Adjusting geometry for rcu_fanout_leaf=16, nr_cpu_ids=1
[    0.050406] NR_IRQS: 4352, nr_irqs: 256, preallocated irqs: 16
[    0.054592] random: get_random_bytes called from start_kernel+0x491/0x65e with crng_init=0
[    0.056695] Console: colour VGA+ 80x25
[    0.061567] printk: console [ttyS0] enabled
[    0.062140] ACPI: Core revision 20210730
[    0.064208] clocksource: hpet: mask: 0xffffffff max_cycles: 0xffffffff, max_idle_ns: 19112604467 ns
[    0.065850] APIC: Switch to symmetric I/O mode setup
[    0.067490] ..TIMER: vector=0x30 apic1=0 pin1=2 apic2=-1 pin2=-1
[    0.072978] clocksource: tsc-early: mask: 0xffffffffffffffff max_cycles: 0xe6a21802a2, max_idle_ns: 440795223934 ns
[    0.073291] Calibrating delay loop (skipped), value calculated using timer frequency.. 2000.02 BogoMIPS (lpj=1000011)
[    0.073444] pid_max: default: 32768 minimum: 301
[    0.074240] LSM: Security Framework initializing
[    0.074595] SELinux:  Initializing.
[    0.074949] Mount-cache hash table entries: 1024 (order: 1, 8192 bytes, linear)
[    0.075012] Mountpoint-cache hash table entries: 1024 (order: 1, 8192 bytes, linear)
[    0.084206] process: using AMD E400 aware idle routine
[    0.085634] Last level iTLB entries: 4KB 512, 2MB 255, 4MB 127
[    0.085773] Last level dTLB entries: 4KB 512, 2MB 255, 4MB 127, 1GB 0
[    0.086556] Spectre V1 : Mitigation: usercopy/swapgs barriers and __user pointer sanitization
[    0.086827] Spectre V2 : Mitigation: Full AMD retpoline
[    0.086873] Spectre V2 : Spectre v2 / SpectreRSB mitigation: Filling RSB on context switch
[    0.201995] Freeing SMP alternatives memory: 44K
[    0.310609] smpboot: CPU0: AMD QEMU TCG CPU version 2.5+ (family: 0xf, model: 0x6b, stepping: 0x1)
[    0.314652] Performance Events: PMU not available due to virtualization, using software events only.
[    0.315768] rcu: Hierarchical SRCU implementation.
[    0.318440] smp: Bringing up secondary CPUs ...
[    0.318520] smp: Brought up 1 node, 1 CPU
[    0.318569] smpboot: Max logical packages: 1
[    0.318626] smpboot: Total of 1 processors activated (2000.02 BogoMIPS)
[    0.326625] devtmpfs: initialized
[    0.330680] clocksource: jiffies: mask: 0xffffffff max_cycles: 0xffffffff, max_idle_ns: 1911260446275000 ns
[    0.331404] futex hash table entries: 256 (order: 2, 16384 bytes, linear)
[    0.332800] PM: RTC time: 05:57:24, date: 2026-09-12
[    0.335601] NET: Registered PF_NETLINK/PF_ROUTE protocol family
[    0.337198] audit: initializing netlink subsys (disabled)
[    0.339472] thermal_sys: Registered thermal governor 'step_wise'
[    0.339491] thermal_sys: Registered thermal governor 'user_space'
[    0.339627] cpuidle: using governor menu
[    0.340481] ACPI: bus type PCI registered
[    0.341337] audit: type=2000 audit(1789192644.272:1): state=initialized audit_enabled=0 res=1
[    0.341786] PCI: Using configuration type 1 for base access
[    0.355816] Kprobes globally optimized
[    0.357198] HugeTLB registered 2.00 MiB page size, pre-allocated 0 pages
[    0.359073] cryptomgr_test (20) used greatest stack depth: 15680 bytes left
[    0.363014] ACPI: Added _OSI(Module Device)
[    0.363065] ACPI: Added _OSI(Processor Device)
[    0.363217] ACPI: Added _OSI(3.0 _SCP Extensions)
[    0.363250] ACPI: Added _OSI(Processor Aggregator Device)
[    0.363316] ACPI: Added _OSI(Linux-Dell-Video)
[    0.363350] ACPI: Added _OSI(Linux-Lenovo-NV-HDMI-Audio)
[    0.363386] ACPI: Added _OSI(Linux-HPI-Hybrid-Graphics)
[    0.370742] ACPI: 1 ACPI AML tables successfully acquired and loaded
[    0.378266] ACPI: Interpreter enabled
[    0.378664] ACPI: PM: (supports S0 S3 S4 S5)
[    0.378715] ACPI: Using IOAPIC for interrupt routing
[    0.379245] PCI: Using host bridge windows from ACPI; if necessary, use "pci=nocrs" and report a bug
[    0.379839] ACPI: Enabled 2 GPEs in block 00 to 0F
[    0.394055] ACPI: PCI Root Bridge [PCI0] (domain 0000 [bus 00-ff])
[    0.394442] acpi PNP0A03:00: _OSC: OS supports [ASPM ClockPM Segments MSI HPX-Type3]
[    0.394793] acpi PNP0A03:00: fail to add MMCONFIG information, can't access extended PCI configuration space under this bridge.
[    0.396198] PCI host bridge to bus 0000:00
[    0.396240] pci_bus 0000:00: root bus resource [io  0x0000-0x0cf7 window]
[    0.396378] pci_bus 0000:00: root bus resource [io  0x0d00-0xffff window]
[    0.396426] pci_bus 0000:00: root bus resource [mem 0x000a0000-0x000bffff window]
[    0.396541] pci_bus 0000:00: root bus resource [mem 0x20000000-0xfebfffff window]
[    0.396609] pci_bus 0000:00: root bus resource [mem 0x100000000-0x17fffffff window]
[    0.396736] pci_bus 0000:00: root bus resource [bus 00-ff]
[    0.397665] pci 0000:00:00.0: [8086:1237] type 00 class 0x060000
[    0.400792] pci 0000:00:01.0: [8086:7000] type 00 class 0x060100
[    0.401570] pci 0000:00:01.1: [8086:7010] type 00 class 0x010180
[    0.402221] pci 0000:00:01.1: reg 0x20: [io  0xc040-0xc04f]
[    0.402566] pci 0000:00:01.1: legacy IDE quirk: reg 0x10: [io  0x01f0-0x01f7]
[    0.402638] pci 0000:00:01.1: legacy IDE quirk: reg 0x14: [io  0x03f6]
[    0.402697] pci 0000:00:01.1: legacy IDE quirk: reg 0x18: [io  0x0170-0x0177]
[    0.402753] pci 0000:00:01.1: legacy IDE quirk: reg 0x1c: [io  0x0376]
[    0.403607] pci 0000:00:01.3: [8086:7113] type 00 class 0x068000
[    0.403833] pci 0000:00:01.3: quirk: [io  0x0600-0x063f] claimed by PIIX4 ACPI
[    0.403907] pci 0000:00:01.3: quirk: [io  0x0700-0x070f] claimed by PIIX4 SMB
[    0.404744] pci 0000:00:02.0: [1234:1111] type 00 class 0x030000
[    0.405078] pci 0000:00:02.0: reg 0x10: [mem 0xfd000000-0xfdffffff pref]
[    0.405198] pci 0000:00:02.0: reg 0x18: [mem 0xfebb0000-0xfebb0fff]
[    0.406311] pci 0000:00:02.0: reg 0x30: [mem 0xfeba0000-0xfebaffff pref]
[    0.408198] pci 0000:00:03.0: [8086:100e] type 00 class 0x020000
[    0.408198] pci 0000:00:03.0: reg 0x10: [mem 0xfeb80000-0xfeb9ffff]
[    0.408490] pci 0000:00:03.0: reg 0x14: [io  0xc000-0xc03f]
[    0.409198] pci 0000:00:03.0: reg 0x30: [mem 0xfeb00000-0xfeb7ffff pref]
[    0.412907] ACPI: PCI: Interrupt link LNKA configured for IRQ 10
[    0.413467] ACPI: PCI: Interrupt link LNKB configured for IRQ 10
[    0.413718] ACPI: PCI: Interrupt link LNKC configured for IRQ 11
[    0.413967] ACPI: PCI: Interrupt link LNKD configured for IRQ 11
[    0.414286] ACPI: PCI: Interrupt link LNKS configured for IRQ 9
[    0.416665] iommu: Default domain type: Translated 
[    0.416930] iommu: DMA domain TLB invalidation policy: lazy mode 
[    0.419520] pci 0000:00:02.0: vgaarb: setting as boot VGA device
[    0.419641] pci 0000:00:02.0: vgaarb: VGA device added: decodes=io+mem,owns=io+mem,locks=none
[    0.419721] pci 0000:00:02.0: vgaarb: bridge control possible
[    0.419812] vgaarb: loaded
[    0.420968] SCSI subsystem initialized
[    0.422076] ACPI: bus type USB registered
[    0.422299] usbcore: registered new interface driver usbfs
[    0.422457] usbcore: registered new interface driver hub
[    0.422566] usbcore: registered new device driver usb
[    0.422804] pps_core: LinuxPPS API ver. 1 registered
[    0.422842] pps_core: Software ver. 5.3.6 - Copyright 2005-2007 Rodolfo Giometti <giometti@linux.it>
[    0.422934] PTP clock support registered
[    0.424198] Advanced Linux Sound Architecture Driver Initialized.
[    0.429320] NetLabel: Initializing
[    0.429555] NetLabel:  domain hash size = 128
[    0.429674] NetLabel:  protocols = UNLABELED CIPSOv4 CALIPSO
[    0.430697] NetLabel:  unlabeled traffic allowed by default
[    0.431284] PCI: Using ACPI for IRQ routing
[    0.432025] hpet0: at MMIO 0xfed00000, IRQs 2, 8, 0
[    0.432113] hpet0: 3 comparators, 64-bit 100.000000 MHz counter
[    0.434882] clocksource: Switched to clocksource tsc-early
[    0.458781] VFS: Disk quotas dquot_6.6.0
[    0.458938] VFS: Dquot-cache hash table entries: 512 (order 0, 4096 bytes)
[    0.459818] pnp: PnP ACPI init
[    0.618598] pnp: PnP ACPI: found 6 devices
[    0.628697] clocksource: acpi_pm: mask: 0xffffff max_cycles: 0xffffff, max_idle_ns: 2085701024 ns
[    0.629059] NET: Registered PF_INET protocol family
[    0.630061] IP idents hash table entries: 8192 (order: 4, 65536 bytes, linear)
[    0.632503] tcp_listen_portaddr_hash hash table entries: 256 (order: 0, 4096 bytes, linear)
[    0.632613] TCP established hash table entries: 4096 (order: 3, 32768 bytes, linear)
[    0.632745] TCP bind hash table entries: 4096 (order: 4, 65536 bytes, linear)
[    0.632866] TCP: Hash tables configured (established 4096 bind 4096)
[    0.633446] UDP hash table entries: 256 (order: 1, 8192 bytes, linear)
[    0.633635] UDP-Lite hash table entries: 256 (order: 1, 8192 bytes, linear)
[    0.634415] NET: Registered PF_UNIX/PF_LOCAL protocol family
[    0.635898] RPC: Registered named UNIX socket transport module.
[    0.635965] RPC: Registered udp transport module.
[    0.636004] RPC: Registered tcp transport module.
[    0.636039] RPC: Registered tcp NFSv4.1 backchannel transport module.
[    0.637519] pci_bus 0000:00: resource 4 [io  0x0000-0x0cf7 window]
[    0.637519] pci_bus 0000:00: resource 5 [io  0x0d00-0xffff window]
[    0.637783] pci_bus 0000:00: resource 6 [mem 0x000a0000-0x000bffff window]
[    0.637837] pci_bus 0000:00: resource 7 [mem 0x20000000-0xfebfffff window]
[    0.637886] pci_bus 0000:00: resource 8 [mem 0x100000000-0x17fffffff window]
[    0.638180] pci 0000:00:01.0: PIIX3: Enabling Passive Release
[    0.638261] pci 0000:00:00.0: Limiting direct PCI/PCI transfers
[    0.638329] pci 0000:00:01.0: Activating ISA DMA hang workarounds
[    0.638490] pci 0000:00:02.0: Video device with shadowed ROM at [mem 0x000c0000-0x000dffff]
[    0.638585] PCI: CLS 0 bytes, default 64
[    0.642920] Unpacking initramfs...
[    0.646322] Initialise system trusted keyrings
[    0.648546] workingset: timestamp_bits=56 max_order=17 bucket_order=0
[    0.663190] NFS: Registering the id_resolver key type
[    0.663384] Key type id_resolver registered
[    0.663482] Key type id_legacy registered
[    0.712144] Key type asymmetric registered
[    0.712252] Asymmetric key parser 'x509' registered
[    0.712521] Block layer SCSI generic (bsg) driver version 0.4 loaded (major 251)
[    0.712615] io scheduler mq-deadline registered
[    0.712673] io scheduler kyber registered
[    0.714116] input: Power Button as /devices/LNXSYSTM:00/LNXPWRBN:00/input/input0
[    0.715902] ACPI: button: Power Button [PWRF]
[    0.719364] Serial: 8250/16550 driver, 4 ports, IRQ sharing enabled
[    0.720320] 00:04: ttyS0 at I/O 0x3f8 (irq = 4, base_baud = 115200) is a 16550A
[    0.724525] Non-volatile memory driver v1.3
[    0.724689] Linux agpgart interface v0.103
[    0.742397] loop: module loaded
[    0.753038] scsi host0: ata_piix
[    0.754141] scsi host1: ata_piix
[    0.754394] ata1: PATA max MWDMA2 cmd 0x1f0 ctl 0x3f6 bmdma 0xc040 irq 14
[    0.754470] ata2: PATA max MWDMA2 cmd 0x170 ctl 0x376 bmdma 0xc048 irq 15
[    0.756867] libphy: Fixed MDIO Bus: probed
[    0.757361] e100: Intel(R) PRO/100 Network Driver
[    0.757398] e100: Copyright(c) 1999-2006 Intel Corporation
[    0.757477] e1000: Intel(R) PRO/1000 Network Driver
[    0.757557] e1000: Copyright (c) 1999-2006 Intel Corporation.
[    0.761997] Freeing initrd memory: 1740K
[    0.855275] ACPI: \_SB_.LNKC: Enabled at IRQ 11
[    0.917639] ata2.00: ATAPI: QEMU DVD-ROM, 2.5+, max UDMA/100
[    0.922808] scsi 1:0:0:0: CD-ROM            QEMU     QEMU DVD-ROM     2.5+ PQ: 0 ANSI: 5
[    0.950598] sr 1:0:0:0: [sr0] scsi3-mmc drive: 4x/4x cd/rw xa/form2 tray
[    0.950813] cdrom: Uniform CD-ROM driver Revision: 3.20
[    0.951215] random: fast init done
[    0.973589] sr 1:0:0:0: Attached scsi generic sg0 type 5
[    1.224153] e1000 0000:00:03.0 eth0: (PCI:33MHz:32-bit) 52:54:00:12:34:56
[    1.224433] e1000 0000:00:03.0 eth0: Intel(R) PRO/1000 Network Connection
[    1.224831] e1000e: Intel(R) PRO/1000 Network Driver
[    1.224878] e1000e: Copyright(c) 1999 - 2015 Intel Corporation.
[    1.224996] sky2: driver version 1.30
[    1.225741] ehci_hcd: USB 2.0 'Enhanced' Host Controller (EHCI) Driver
[    1.225825] ehci-pci: EHCI PCI platform driver
[    1.225991] ohci_hcd: USB 1.1 'Open' Host Controller (OHCI) Driver
[    1.226094] ohci-pci: OHCI PCI platform driver
[    1.226234] uhci_hcd: USB Universal Host Controller Interface driver
[    1.226717] usbcore: registered new interface driver usblp
[    1.226843] usbcore: registered new interface driver usb-storage
[    1.227291] i8042: PNP: PS/2 Controller [PNP0303:KBD,PNP0f13:MOU] at 0x60,0x64 irq 1,12
[    1.228946] serio: i8042 KBD port at 0x60,0x64 irq 1
[    1.229084] serio: i8042 AUX port at 0x60,0x64 irq 12
[    1.231240] input: AT Translated Set 2 keyboard as /devices/platform/i8042/serio0/input/input1
[    1.233217] rtc_cmos 00:05: RTC can wake from S4
[    1.236695] rtc_cmos 00:05: registered as rtc0
[    1.237044] rtc_cmos 00:05: alarms up to one day, y3k, 242 bytes nvram, hpet irqs
[    1.237785] device-mapper: ioctl: 4.45.0-ioctl (2021-03-22) initialised: dm-devel@redhat.com
[    1.238172] hid: raw HID events driver (C) Jiri Kosina
[    1.239090] usbcore: registered new interface driver usbhid
[    1.239142] usbhid: USB HID core driver
[    1.242881] Initializing XFRM netlink socket
[    1.243443] NET: Registered PF_INET6 protocol family
[    1.247032] Segment Routing with IPv6
[    1.247166] In-situ OAM (IOAM) with IPv6
[    1.247669] sit: IPv6, IPv4 and MPLS over IPv4 tunneling driver
[    1.249186] NET: Registered PF_PACKET protocol family
[    1.249563] Key type dns_resolver registered
[    1.250385] IPI shorthand broadcast: enabled
[    1.250548] sched_clock: Marking stable (1238364759, 11872088)->(1253281674, -3044827)
[    1.251630] registered taskstats version 1
[    1.251694] Loading compiled-in X.509 certificates
[    1.253527] PM:   Magic number: 10:889:971
[    1.253941] printk: console [netcon0] enabled
[    1.254000] netconsole: network logging started
[    1.255134] cfg80211: Loading compiled-in X.509 certificates for regulatory database
[    1.261967] kworker/u2:2 (65) used greatest stack depth: 14856 bytes left
[    1.266108] cfg80211: Loaded X.509 cert 'sforshee: 00b28ddf47aef9cea7'
[    1.267266] platform regulatory.0: Direct firmware load for regulatory.db failed with error -2
[    1.267484] cfg80211: failed to load regulatory.db
[    1.268232] ALSA device list:
[    1.268338]   No soundcards found.
[    1.300787] Freeing unused kernel image (initmem) memory: 1352K
[    1.303654] Write protecting the kernel read-only data: 20480k
[    1.305387] Freeing unused kernel image (text/rodata gap) memory: 2032K
[    1.305828] Freeing unused kernel image (rodata/data gap) memory: 508K
[    1.306012] Run /init as init process
[    1.334106] mount (69) used greatest stack depth: 14816 bytes left
[    1.350188] mkdir (73) used greatest stack depth: 14728 bytes left
[    1.388004] mkdir (75) used greatest stack depth: 14600 bytes left
CHECKPOINT parent before waking reader pid=76 tid=76
child about to pipe read pid=77
[    1.707436] tsc: Refined TSC clocksource calibration: 999.997 MHz
[    1.708201] clocksource: tsc: mask: 0xffffffffffffffff max_cycles: 0x1cd4289f935, max_idle_ns: 881590538292 ns
[    1.711546] clocksource: Switched to clocksource tsc
[    1.873340] input: ImExPS/2 Generic Explorer Mouse as /devices/platform/i8042/serio1/input/input3
PASS pipe
TRACE_BEGIN
# tracer: nop
#
# entries-in-buffer/entries-written: 223/223   #P:1
#
#                                _-----=> irqs-off
#                               / _----=> need-resched
#                              | / _---=> hardirq/softirq
#                              || / _--=> preempt-depth
#                              ||| / _-=> migrate-disable
#                              |||| /     delay
#           TASK-PID     CPU#  |||||  TIMESTAMP  FUNCTION
#              | |         |   |||||     |         |
            init-1       [000] d.s..     1.399675: sched_waking: comm=rcu_sched pid=10 prio=120 target_cpu=000
            init-1       [000] dNs..     1.399939: sched_wakeup: comm=rcu_sched pid=10 prio=120 target_cpu=000
            init-1       [000] d....     1.399981: sched_switch: prev_comm=init prev_pid=1 prev_prio=120 prev_state=R+ ==> next_comm=rcu_sched next_pid=10 next_prio=120
       rcu_sched-10      [000] d....     1.400005: sched_switch: prev_comm=rcu_sched prev_pid=10 prev_prio=120 prev_state=I ==> next_comm=init next_pid=1 next_prio=120
            init-1       [000] .....     1.400288: sched_process_fork: comm=init pid=1 child_comm=init child_pid=76
            init-1       [000] d.s..     1.400590: sched_waking: comm=rcu_sched pid=10 prio=120 target_cpu=000
            init-1       [000] dNs..     1.400844: sched_wakeup: comm=rcu_sched pid=10 prio=120 target_cpu=000
            init-1       [000] d....     1.401320: sched_switch: prev_comm=init prev_pid=1 prev_prio=120 prev_state=R ==> next_comm=rcu_sched next_pid=10 next_prio=120
       rcu_sched-10      [000] d....     1.401338: sched_switch: prev_comm=rcu_sched prev_pid=10 prev_prio=120 prev_state=I ==> next_comm=init next_pid=1 next_prio=120
            init-1       [000] d....     1.401370: sched_switch: prev_comm=init prev_pid=1 prev_prio=120 prev_state=S ==> next_comm=init next_pid=76 next_prio=120
     process_lab-76      [000] .....     1.402459: sched_process_exec: filename=/process_lab pid=76 old_pid=76
     process_lab-76      [000] d.s..     1.402744: sched_waking: comm=kworker/0:1 pid=42 prio=120 target_cpu=000
     process_lab-76      [000] dNs..     1.402768: sched_wakeup: comm=kworker/0:1 pid=42 prio=120 target_cpu=000
     process_lab-76      [000] d....     1.402867: sched_switch: prev_comm=process_lab prev_pid=76 prev_prio=120 prev_state=R ==> next_comm=kworker/0:1 next_pid=42 next_prio=120
     kworker/0:1-42      [000] d....     1.402996: sched_switch: prev_comm=kworker/0:1 prev_pid=42 prev_prio=120 prev_state=I ==> next_comm=process_lab next_pid=76 next_prio=120
     process_lab-76      [000] d.s..     1.404628: sched_waking: comm=kworker/0:1 pid=42 prio=120 target_cpu=000
     process_lab-76      [000] dNs..     1.404640: sched_wakeup: comm=kworker/0:1 pid=42 prio=120 target_cpu=000
     process_lab-76      [000] d....     1.404718: sched_switch: prev_comm=process_lab prev_pid=76 prev_prio=120 prev_state=R ==> next_comm=kworker/0:1 next_pid=42 next_prio=120
     kworker/0:1-42      [000] d....     1.404790: sched_switch: prev_comm=kworker/0:1 prev_pid=42 prev_prio=120 prev_state=I ==> next_comm=process_lab next_pid=76 next_prio=120
     process_lab-76      [000] .....     1.408145: sched_process_fork: comm=process_lab pid=76 child_comm=process_lab child_pid=77
     process_lab-76      [000] d....     1.410796: sched_switch: prev_comm=process_lab prev_pid=76 prev_prio=120 prev_state=S ==> next_comm=process_lab next_pid=77 next_prio=120
     process_lab-77      [000] d....     1.411312: sched_switch: prev_comm=process_lab prev_pid=77 prev_prio=120 prev_state=S ==> next_comm=swapper/0 next_pid=0 next_prio=120
          <idle>-0       [000] d.s..     1.445163: sched_waking: comm=kworker/0:2 pid=62 prio=120 target_cpu=000
          <idle>-0       [000] dNs..     1.445181: sched_wakeup: comm=kworker/0:2 pid=62 prio=120 target_cpu=000
          <idle>-0       [000] d....     1.445214: sched_switch: prev_comm=swapper/0 prev_pid=0 prev_prio=120 prev_state=R ==> next_comm=kworker/0:2 next_pid=62 next_prio=120
     kworker/0:2-62      [000] d.h..     1.445350: sched_waking: comm=kworker/0:2 pid=62 prio=120 target_cpu=000
     kworker/0:2-62      [000] d.h..     1.445369: sched_wakeup: comm=kworker/0:2 pid=62 prio=120 target_cpu=000
     kworker/0:2-62      [000] d.h..     1.445439: sched_waking: comm=kworker/0:2 pid=62 prio=120 target_cpu=000
     kworker/0:2-62      [000] d.h..     1.445440: sched_wakeup: comm=kworker/0:2 pid=62 prio=120 target_cpu=000
     kworker/0:2-62      [000] d.h..     1.445447: sched_waking: comm=kworker/0:2 pid=62 prio=120 target_cpu=000
     kworker/0:2-62      [000] d.h..     1.445448: sched_wakeup: comm=kworker/0:2 pid=62 prio=120 target_cpu=000
     kworker/0:2-62      [000] d.h..     1.445458: sched_waking: comm=kworker/0:2 pid=62 prio=120 target_cpu=000
     kworker/0:2-62      [000] d.h..     1.445459: sched_wakeup: comm=kworker/0:2 pid=62 prio=120 target_cpu=000
     kworker/0:2-62      [000] d.h..     1.445468: sched_waking: comm=kworker/0:2 pid=62 prio=120 target_cpu=000
     kworker/0:2-62      [000] d.h..     1.445468: sched_wakeup: comm=kworker/0:2 pid=62 prio=120 target_cpu=000
     kworker/0:2-62      [000] d.h..     1.445477: sched_waking: comm=kworker/0:2 pid=62 prio=120 target_cpu=000
     kworker/0:2-62      [000] d.h..     1.445478: sched_wakeup: comm=kworker/0:2 pid=62 prio=120 target_cpu=000
     kworker/0:2-62      [000] d.h..     1.445489: sched_waking: comm=kworker/0:2 pid=62 prio=120 target_cpu=000
     kworker/0:2-62      [000] d.h..     1.445490: sched_wakeup: comm=kworker/0:2 pid=62 prio=120 target_cpu=000
     kworker/0:2-62      [000] d.h..     1.445519: sched_waking: comm=kworker/0:2 pid=62 prio=120 target_cpu=000
     kworker/0:2-62      [000] d.h..     1.445520: sched_wakeup: comm=kworker/0:2 pid=62 prio=120 target_cpu=000
     kworker/0:2-62      [000] d.h..     1.445524: sched_waking: comm=kworker/0:2 pid=62 prio=120 target_cpu=000
     kworker/0:2-62      [000] d.h..     1.445524: sched_wakeup: comm=kworker/0:2 pid=62 prio=120 target_cpu=000
     kworker/0:2-62      [000] d.h..     1.445528: sched_waking: comm=kworker/0:2 pid=62 prio=120 target_cpu=000
     kworker/0:2-62      [000] d.h..     1.445529: sched_wakeup: comm=kworker/0:2 pid=62 prio=120 target_cpu=000
     kworker/0:2-62      [000] d.h..     1.445532: sched_waking: comm=kworker/0:2 pid=62 prio=120 target_cpu=000
     kworker/0:2-62      [000] d.h..     1.445533: sched_wakeup: comm=kworker/0:2 pid=62 prio=120 target_cpu=000
     kworker/0:2-62      [000] d.h..     1.445537: sched_waking: comm=kworker/0:2 pid=62 prio=120 target_cpu=000
     kworker/0:2-62      [000] d.h..     1.445537: sched_wakeup: comm=kworker/0:2 pid=62 prio=120 target_cpu=000
     kworker/0:2-62      [000] d.h..     1.445541: sched_waking: comm=kworker/0:2 pid=62 prio=120 target_cpu=000
     kworker/0:2-62      [000] d.h..     1.445542: sched_wakeup: comm=kworker/0:2 pid=62 prio=120 target_cpu=000
     kworker/0:2-62      [000] d.h..     1.445554: sched_waking: comm=kworker/0:2 pid=62 prio=120 target_cpu=000
     kworker/0:2-62      [000] d.h..     1.445555: sched_wakeup: comm=kworker/0:2 pid=62 prio=120 target_cpu=000
     kworker/0:2-62      [000] d.h..     1.445558: sched_waking: comm=kworker/0:2 pid=62 prio=120 target_cpu=000
     kworker/0:2-62      [000] d.h..     1.445559: sched_wakeup: comm=kworker/0:2 pid=62 prio=120 target_cpu=000
     kworker/0:2-62      [000] d....     1.445576: sched_switch: prev_comm=kworker/0:2 prev_pid=62 prev_prio=120 prev_state=D ==> next_comm=swapper/0 next_pid=0 next_prio=120
          <idle>-0       [000] d.s..     1.661119: sched_waking: comm=kworker/0:2 pid=62 prio=120 target_cpu=000
          <idle>-0       [000] dNs..     1.661242: sched_wakeup: comm=kworker/0:2 pid=62 prio=120 target_cpu=000
          <idle>-0       [000] d....     1.661335: sched_switch: prev_comm=swapper/0 prev_pid=0 prev_prio=120 prev_state=R ==> next_comm=kworker/0:2 next_pid=62 next_prio=120
     kworker/0:2-62      [000] d.h..     1.661702: sched_waking: comm=kworker/0:2 pid=62 prio=120 target_cpu=000
     kworker/0:2-62      [000] d.h..     1.661707: sched_wakeup: comm=kworker/0:2 pid=62 prio=120 target_cpu=000
     kworker/0:2-62      [000] d.h..     1.661757: sched_waking: comm=kworker/0:2 pid=62 prio=120 target_cpu=000
     kworker/0:2-62      [000] d.h..     1.661759: sched_wakeup: comm=kworker/0:2 pid=62 prio=120 target_cpu=000
     kworker/0:2-62      [000] d.h..     1.661790: sched_waking: comm=kworker/0:2 pid=62 prio=120 target_cpu=000
     kworker/0:2-62      [000] d.h..     1.661792: sched_wakeup: comm=kworker/0:2 pid=62 prio=120 target_cpu=000
     kworker/0:2-62      [000] d.h..     1.661814: sched_waking: comm=kworker/0:2 pid=62 prio=120 target_cpu=000
     kworker/0:2-62      [000] d.h..     1.661815: sched_wakeup: comm=kworker/0:2 pid=62 prio=120 target_cpu=000
     kworker/0:2-62      [000] d.h..     1.661834: sched_waking: comm=kworker/0:2 pid=62 prio=120 target_cpu=000
     kworker/0:2-62      [000] d.h..     1.661836: sched_wakeup: comm=kworker/0:2 pid=62 prio=120 target_cpu=000
     kworker/0:2-62      [000] d.h..     1.661857: sched_waking: comm=kworker/0:2 pid=62 prio=120 target_cpu=000
     kworker/0:2-62      [000] d.h..     1.661858: sched_wakeup: comm=kworker/0:2 pid=62 prio=120 target_cpu=000
     kworker/0:2-62      [000] d.h..     1.661994: sched_waking: comm=kworker/0:2 pid=62 prio=120 target_cpu=000
     kworker/0:2-62      [000] d.h..     1.661996: sched_wakeup: comm=kworker/0:2 pid=62 prio=120 target_cpu=000
     kworker/0:2-62      [000] d.h..     1.662008: sched_waking: comm=kworker/0:2 pid=62 prio=120 target_cpu=000
     kworker/0:2-62      [000] d.h..     1.662009: sched_wakeup: comm=kworker/0:2 pid=62 prio=120 target_cpu=000
     kworker/0:2-62      [000] d.h..     1.662029: sched_waking: comm=kworker/0:2 pid=62 prio=120 target_cpu=000
     kworker/0:2-62      [000] d.h..     1.662031: sched_wakeup: comm=kworker/0:2 pid=62 prio=120 target_cpu=000
     kworker/0:2-62      [000] d.h..     1.662049: sched_waking: comm=kworker/0:2 pid=62 prio=120 target_cpu=000
     kworker/0:2-62      [000] d.h..     1.662050: sched_wakeup: comm=kworker/0:2 pid=62 prio=120 target_cpu=000
     kworker/0:2-62      [000] d.h..     1.662067: sched_waking: comm=kworker/0:2 pid=62 prio=120 target_cpu=000
     kworker/0:2-62      [000] d.h..     1.662069: sched_wakeup: comm=kworker/0:2 pid=62 prio=120 target_cpu=000
     kworker/0:2-62      [000] d.h..     1.662089: sched_waking: comm=kworker/0:2 pid=62 prio=120 target_cpu=000
     kworker/0:2-62      [000] d.h..     1.662090: sched_wakeup: comm=kworker/0:2 pid=62 prio=120 target_cpu=000
     kworker/0:2-62      [000] d....     1.662254: sched_switch: prev_comm=kworker/0:2 prev_pid=62 prev_prio=120 prev_state=D ==> next_comm=swapper/0 next_pid=0 next_prio=120
          <idle>-0       [000] d.s..     1.709956: sched_waking: comm=kworker/0:1 pid=42 prio=120 target_cpu=000
          <idle>-0       [000] dNs..     1.710005: sched_wakeup: comm=kworker/0:1 pid=42 prio=120 target_cpu=000
          <idle>-0       [000] d....     1.710132: sched_switch: prev_comm=swapper/0 prev_pid=0 prev_prio=120 prev_state=R ==> next_comm=kworker/0:1 next_pid=42 next_prio=120
     kworker/0:1-42      [000] d....     1.713616: sched_waking: comm=migration/0 pid=11 prio=0 target_cpu=000
     kworker/0:1-42      [000] dN...     1.713678: sched_wakeup: comm=migration/0 pid=11 prio=0 target_cpu=000
     kworker/0:1-42      [000] d....     1.714077: sched_switch: prev_comm=kworker/0:1 prev_pid=42 prev_prio=120 prev_state=R+ ==> next_comm=migration/0 next_pid=11 next_prio=0
     migration/0-11      [000] d....     1.714542: sched_switch: prev_comm=migration/0 prev_pid=11 prev_prio=0 prev_state=S ==> next_comm=kworker/0:1 next_pid=42 next_prio=120
     kworker/0:1-42      [000] d....     1.715117: sched_switch: prev_comm=kworker/0:1 prev_pid=42 prev_prio=120 prev_state=I ==> next_comm=swapper/0 next_pid=0 next_prio=120
          <idle>-0       [000] d.s..     1.873386: sched_waking: comm=kworker/0:2 pid=62 prio=120 target_cpu=000
          <idle>-0       [000] dNs..     1.873477: sched_wakeup: comm=kworker/0:2 pid=62 prio=120 target_cpu=000
          <idle>-0       [000] dNs..     1.873514: sched_waking: comm=kworker/0:1 pid=42 prio=120 target_cpu=000
          <idle>-0       [000] dNs..     1.873523: sched_wakeup: comm=kworker/0:1 pid=42 prio=120 target_cpu=000
          <idle>-0       [000] d....     1.873703: sched_switch: prev_comm=swapper/0 prev_pid=0 prev_prio=120 prev_state=R ==> next_comm=kworker/0:2 next_pid=62 next_prio=120
     kworker/0:2-62      [000] d.h..     1.874081: sched_waking: comm=kworker/0:2 pid=62 prio=120 target_cpu=000
     kworker/0:2-62      [000] d.h..     1.874090: sched_wakeup: comm=kworker/0:2 pid=62 prio=120 target_cpu=000
     kworker/0:2-62      [000] d.h..     1.874194: sched_waking: comm=kworker/0:2 pid=62 prio=120 target_cpu=000
     kworker/0:2-62      [000] d.h..     1.874198: sched_wakeup: comm=kworker/0:2 pid=62 prio=120 target_cpu=000
     kworker/0:2-62      [000] d.h..     1.874296: sched_waking: comm=kworker/0:2 pid=62 prio=120 target_cpu=000
     kworker/0:2-62      [000] d.h..     1.874299: sched_wakeup: comm=kworker/0:2 pid=62 prio=120 target_cpu=000
     kworker/0:2-62      [000] d.h..     1.874315: sched_waking: comm=kworker/0:2 pid=62 prio=120 target_cpu=000
     kworker/0:2-62      [000] d.h..     1.874317: sched_wakeup: comm=kworker/0:2 pid=62 prio=120 target_cpu=000
     kworker/0:2-62      [000] d.h..     1.874342: sched_waking: comm=kworker/0:2 pid=62 prio=120 target_cpu=000
     kworker/0:2-62      [000] d.h..     1.874344: sched_wakeup: comm=kworker/0:2 pid=62 prio=120 target_cpu=000
     kworker/0:2-62      [000] d.h..     1.874355: sched_waking: comm=kworker/0:2 pid=62 prio=120 target_cpu=000
     kworker/0:2-62      [000] d.h..     1.874356: sched_wakeup: comm=kworker/0:2 pid=62 prio=120 target_cpu=000
     kworker/0:2-62      [000] d.h..     1.874377: sched_waking: comm=kworker/0:2 pid=62 prio=120 target_cpu=000
     kworker/0:2-62      [000] d.h..     1.874379: sched_wakeup: comm=kworker/0:2 pid=62 prio=120 target_cpu=000
     kworker/0:2-62      [000] d.h..     1.874389: sched_waking: comm=kworker/0:2 pid=62 prio=120 target_cpu=000
     kworker/0:2-62      [000] d.h..     1.874390: sched_wakeup: comm=kworker/0:2 pid=62 prio=120 target_cpu=000
     kworker/0:2-62      [000] d.h..     1.874409: sched_waking: comm=kworker/0:2 pid=62 prio=120 target_cpu=000
     kworker/0:2-62      [000] d.h..     1.874410: sched_wakeup: comm=kworker/0:2 pid=62 prio=120 target_cpu=000
     kworker/0:2-62      [000] d.h..     1.874474: sched_waking: comm=kworker/0:2 pid=62 prio=120 target_cpu=000
     kworker/0:2-62      [000] d.h..     1.874476: sched_wakeup: comm=kworker/0:2 pid=62 prio=120 target_cpu=000
     kworker/0:2-62      [000] d.h..     1.874506: sched_waking: comm=kworker/0:2 pid=62 prio=120 target_cpu=000
     kworker/0:2-62      [000] d.h..     1.874508: sched_wakeup: comm=kworker/0:2 pid=62 prio=120 target_cpu=000
     kworker/0:2-62      [000] d.h..     1.874526: sched_waking: comm=kworker/0:2 pid=62 prio=120 target_cpu=000
     kworker/0:2-62      [000] d.h..     1.874528: sched_wakeup: comm=kworker/0:2 pid=62 prio=120 target_cpu=000
     kworker/0:2-62      [000] d.h..     1.874538: sched_waking: comm=kworker/0:2 pid=62 prio=120 target_cpu=000
     kworker/0:2-62      [000] d.h..     1.874539: sched_wakeup: comm=kworker/0:2 pid=62 prio=120 target_cpu=000
     kworker/0:2-62      [000] d.h..     1.874559: sched_waking: comm=kworker/0:2 pid=62 prio=120 target_cpu=000
     kworker/0:2-62      [000] d.h..     1.874561: sched_wakeup: comm=kworker/0:2 pid=62 prio=120 target_cpu=000
     kworker/0:2-62      [000] d.h..     1.874571: sched_waking: comm=kworker/0:2 pid=62 prio=120 target_cpu=000
     kworker/0:2-62      [000] d.h..     1.874573: sched_wakeup: comm=kworker/0:2 pid=62 prio=120 target_cpu=000
     kworker/0:2-62      [000] d.h..     1.874766: sched_waking: comm=kworker/0:2 pid=62 prio=120 target_cpu=000
     kworker/0:2-62      [000] d.h..     1.874771: sched_wakeup: comm=kworker/0:2 pid=62 prio=120 target_cpu=000
     kworker/0:2-62      [000] d.h..     1.874928: sched_waking: comm=kworker/0:2 pid=62 prio=120 target_cpu=000
     kworker/0:2-62      [000] d.h..     1.874936: sched_wakeup: comm=kworker/0:2 pid=62 prio=120 target_cpu=000
     kworker/0:2-62      [000] d.h..     1.874962: sched_waking: comm=kworker/0:2 pid=62 prio=120 target_cpu=000
     kworker/0:2-62      [000] d.h..     1.874964: sched_wakeup: comm=kworker/0:2 pid=62 prio=120 target_cpu=000
     kworker/0:2-62      [000] d.h..     1.874991: sched_waking: comm=kworker/0:2 pid=62 prio=120 target_cpu=000
     kworker/0:2-62      [000] d.h..     1.874993: sched_wakeup: comm=kworker/0:2 pid=62 prio=120 target_cpu=000
     kworker/0:2-62      [000] d.h..     1.875004: sched_waking: comm=kworker/0:2 pid=62 prio=120 target_cpu=000
     kworker/0:2-62      [000] d.h..     1.875006: sched_wakeup: comm=kworker/0:2 pid=62 prio=120 target_cpu=000
     kworker/0:2-62      [000] d.h..     1.875025: sched_waking: comm=kworker/0:2 pid=62 prio=120 target_cpu=000
     kworker/0:2-62      [000] d.h..     1.875027: sched_wakeup: comm=kworker/0:2 pid=62 prio=120 target_cpu=000
     kworker/0:2-62      [000] d.h..     1.875037: sched_waking: comm=kworker/0:2 pid=62 prio=120 target_cpu=000
     kworker/0:2-62      [000] d.h..     1.875039: sched_wakeup: comm=kworker/0:2 pid=62 prio=120 target_cpu=000
     kworker/0:2-62      [000] d.h..     1.875491: sched_waking: comm=kworker/0:2 pid=62 prio=120 target_cpu=000
     kworker/0:2-62      [000] d.h..     1.875494: sched_wakeup: comm=kworker/0:2 pid=62 prio=120 target_cpu=000
     kworker/0:2-62      [000] d.h..     1.875506: sched_waking: comm=kworker/0:2 pid=62 prio=120 target_cpu=000
     kworker/0:2-62      [000] d.h..     1.875508: sched_wakeup: comm=kworker/0:2 pid=62 prio=120 target_cpu=000
     kworker/0:2-62      [000] d.h..     1.875586: sched_waking: comm=kworker/0:2 pid=62 prio=120 target_cpu=000
     kworker/0:2-62      [000] d.h..     1.875587: sched_wakeup: comm=kworker/0:2 pid=62 prio=120 target_cpu=000
     kworker/0:2-62      [000] d.h..     1.875598: sched_waking: comm=kworker/0:2 pid=62 prio=120 target_cpu=000
     kworker/0:2-62      [000] d.h..     1.875599: sched_wakeup: comm=kworker/0:2 pid=62 prio=120 target_cpu=000
     kworker/0:2-62      [000] d.h..     1.875673: sched_waking: comm=kworker/0:2 pid=62 prio=120 target_cpu=000
     kworker/0:2-62      [000] d.h..     1.875675: sched_wakeup: comm=kworker/0:2 pid=62 prio=120 target_cpu=000
     kworker/0:2-62      [000] dNs..     1.876776: sched_waking: comm=kcompactd0 pid=19 prio=120 target_cpu=000
     kworker/0:2-62      [000] dNs..     1.876797: sched_wakeup: comm=kcompactd0 pid=19 prio=120 target_cpu=000
     kworker/0:2-62      [000] d....     1.876829: sched_switch: prev_comm=kworker/0:2 prev_pid=62 prev_prio=120 prev_state=R+ ==> next_comm=kcompactd0 next_pid=19 next_prio=120
      kcompactd0-19      [000] d....     1.876881: sched_switch: prev_comm=kcompactd0 prev_pid=19 prev_prio=120 prev_state=S ==> next_comm=kworker/0:1 next_pid=42 next_prio=120
     kworker/0:1-42      [000] d....     1.876896: sched_switch: prev_comm=kworker/0:1 prev_pid=42 prev_prio=120 prev_state=I ==> next_comm=kworker/0:2 next_pid=62 next_prio=120
     kworker/0:2-62      [000] d....     1.877159: sched_waking: comm=kdevtmpfs pid=13 prio=120 target_cpu=000
     kworker/0:2-62      [000] dN...     1.877174: sched_wakeup: comm=kdevtmpfs pid=13 prio=120 target_cpu=000
     kworker/0:2-62      [000] d....     1.877183: sched_switch: prev_comm=kworker/0:2 prev_pid=62 prev_prio=120 prev_state=R+ ==> next_comm=kdevtmpfs next_pid=13 next_prio=120
       kdevtmpfs-13      [000] d....     1.877482: sched_switch: prev_comm=kdevtmpfs prev_pid=13 prev_prio=120 prev_state=S ==> next_comm=kworker/0:2 next_pid=62 next_prio=120
     kworker/0:2-62      [000] d....     1.877715: sched_waking: comm=kworker/0:1 pid=42 prio=120 target_cpu=000
     kworker/0:2-62      [000] d....     1.877726: sched_wakeup: comm=kworker/0:1 pid=42 prio=120 target_cpu=000
     kworker/0:2-62      [000] d.h..     1.877735: sched_waking: comm=kworker/0:2 pid=62 prio=120 target_cpu=000
     kworker/0:2-62      [000] d.h..     1.877737: sched_wakeup: comm=kworker/0:2 pid=62 prio=120 target_cpu=000
     kworker/0:2-62      [000] d....     1.877746: sched_switch: prev_comm=kworker/0:2 prev_pid=62 prev_prio=120 prev_state=R ==> next_comm=kworker/0:1 next_pid=42 next_prio=120
     kworker/0:1-42      [000] d....     1.878352: sched_switch: prev_comm=kworker/0:1 prev_pid=42 prev_prio=120 prev_state=I ==> next_comm=kworker/0:2 next_pid=62 next_prio=120
     kworker/0:2-62      [000] d....     1.878532: sched_waking: comm=kworker/u2:2 pid=51 prio=120 target_cpu=000
     kworker/0:2-62      [000] dN...     1.878544: sched_wakeup: comm=kworker/u2:2 pid=51 prio=120 target_cpu=000
     kworker/0:2-62      [000] d....     1.878554: sched_switch: prev_comm=kworker/0:2 prev_pid=62 prev_prio=120 prev_state=R+ ==> next_comm=kworker/u2:2 next_pid=51 next_prio=120
    kworker/u2:2-51      [000] d....     1.878570: sched_switch: prev_comm=kworker/u2:2 prev_pid=51 prev_prio=120 prev_state=I ==> next_comm=kworker/0:2 next_pid=62 next_prio=120
     kworker/0:2-62      [000] d....     1.878765: sched_switch: prev_comm=kworker/0:2 prev_pid=62 prev_prio=120 prev_state=I ==> next_comm=swapper/0 next_pid=0 next_prio=120
          <idle>-0       [000] d.s..     2.389700: sched_waking: comm=kcompactd0 pid=19 prio=120 target_cpu=000
          <idle>-0       [000] dNs..     2.389816: sched_wakeup: comm=kcompactd0 pid=19 prio=120 target_cpu=000
          <idle>-0       [000] dNs..     2.389847: sched_waking: comm=kworker/0:2 pid=62 prio=120 target_cpu=000
          <idle>-0       [000] dNs..     2.389857: sched_wakeup: comm=kworker/0:2 pid=62 prio=120 target_cpu=000
          <idle>-0       [000] d....     2.390029: sched_switch: prev_comm=swapper/0 prev_pid=0 prev_prio=120 prev_state=R ==> next_comm=kcompactd0 next_pid=19 next_prio=120
      kcompactd0-19      [000] d....     2.390168: sched_switch: prev_comm=kcompactd0 prev_pid=19 prev_prio=120 prev_state=S ==> next_comm=kworker/0:2 next_pid=62 next_prio=120
     kworker/0:2-62      [000] d....     2.391313: sched_switch: prev_comm=kworker/0:2 prev_pid=62 prev_prio=120 prev_state=I ==> next_comm=swapper/0 next_pid=0 next_prio=120
          <idle>-0       [000] d.h..     2.414492: sched_waking: comm=process_lab pid=76 prio=120 target_cpu=000
          <idle>-0       [000] dNh..     2.414588: sched_wakeup: comm=process_lab pid=76 prio=120 target_cpu=000
          <idle>-0       [000] d....     2.415170: sched_switch: prev_comm=swapper/0 prev_pid=0 prev_prio=120 prev_state=R ==> next_comm=process_lab next_pid=76 next_prio=120
     process_lab-76      [000] d....     2.416489: sched_waking: comm=process_lab pid=77 prio=120 target_cpu=000
     process_lab-76      [000] dN...     2.416552: sched_wakeup: comm=process_lab pid=77 prio=120 target_cpu=000
     process_lab-76      [000] d....     2.416839: sched_switch: prev_comm=process_lab prev_pid=76 prev_prio=120 prev_state=R ==> next_comm=process_lab next_pid=77 next_prio=120
     process_lab-77      [000] d.s..     2.417818: sched_waking: comm=rcu_sched pid=10 prio=120 target_cpu=000
     process_lab-77      [000] dNs..     2.417865: sched_wakeup: comm=rcu_sched pid=10 prio=120 target_cpu=000
     process_lab-77      [000] d....     2.417966: sched_switch: prev_comm=process_lab prev_pid=77 prev_prio=120 prev_state=R+ ==> next_comm=rcu_sched next_pid=10 next_prio=120
       rcu_sched-10      [000] d....     2.418081: sched_switch: prev_comm=rcu_sched prev_pid=10 prev_prio=120 prev_state=I ==> next_comm=process_lab next_pid=77 next_prio=120
     process_lab-77      [000] d.s..     2.418709: sched_waking: comm=rcu_sched pid=10 prio=120 target_cpu=000
     process_lab-77      [000] dNs..     2.418744: sched_wakeup: comm=rcu_sched pid=10 prio=120 target_cpu=000
     process_lab-77      [000] d....     2.418815: sched_switch: prev_comm=process_lab prev_pid=77 prev_prio=120 prev_state=R+ ==> next_comm=rcu_sched next_pid=10 next_prio=120
       rcu_sched-10      [000] d....     2.418890: sched_switch: prev_comm=rcu_sched prev_pid=10 prev_prio=120 prev_state=I ==> next_comm=process_lab next_pid=76 next_prio=120
     process_lab-76      [000] d....     2.419496: sched_switch: prev_comm=process_lab prev_pid=76 prev_prio=120 prev_state=S ==> next_comm=process_lab next_pid=77 next_prio=120
     process_lab-77      [000] d.s..     2.419699: sched_waking: comm=rcu_sched pid=10 prio=120 target_cpu=000
     process_lab-77      [000] dNs..     2.419720: sched_wakeup: comm=rcu_sched pid=10 prio=120 target_cpu=000
     process_lab-77      [000] .N...     2.419813: sched_process_exit: comm=process_lab pid=77 prio=120
     process_lab-77      [000] d....     2.419879: sched_switch: prev_comm=process_lab prev_pid=77 prev_prio=120 prev_state=R+ ==> next_comm=rcu_sched next_pid=10 next_prio=120
       rcu_sched-10      [000] d....     2.419921: sched_switch: prev_comm=rcu_sched prev_pid=10 prev_prio=120 prev_state=I ==> next_comm=process_lab next_pid=77 next_prio=120
     process_lab-77      [000] d....     2.420033: sched_waking: comm=process_lab pid=76 prio=120 target_cpu=000
     process_lab-77      [000] d....     2.420045: sched_wakeup: comm=process_lab pid=76 prio=120 target_cpu=000
     process_lab-77      [000] d....     2.420086: sched_switch: prev_comm=process_lab prev_pid=77 prev_prio=120 prev_state=Z ==> next_comm=process_lab next_pid=76 next_prio=120
     process_lab-76      [000] d.s..     2.421308: sched_waking: comm=rcu_sched pid=10 prio=120 target_cpu=000
     process_lab-76      [000] dNs..     2.421542: sched_wakeup: comm=rcu_sched pid=10 prio=120 target_cpu=000
     process_lab-76      [000] d....     2.421658: sched_switch: prev_comm=process_lab prev_pid=76 prev_prio=120 prev_state=R ==> next_comm=rcu_sched next_pid=10 next_prio=120
       rcu_sched-10      [000] d....     2.422541: sched_switch: prev_comm=rcu_sched prev_pid=10 prev_prio=120 prev_state=I ==> next_comm=process_lab next_pid=76 next_prio=120
     process_lab-76      [000] d.s..     2.422734: sched_waking: comm=rcu_sched pid=10 prio=120 target_cpu=000
     process_lab-76      [000] dNs..     2.422777: sched_wakeup: comm=rcu_sched pid=10 prio=120 target_cpu=000
     process_lab-76      [000] d....     2.422855: sched_switch: prev_comm=process_lab prev_pid=76 prev_prio=120 prev_state=R ==> next_comm=rcu_sched next_pid=10 next_prio=120
       rcu_sched-10      [000] d....     2.422898: sched_switch: prev_comm=rcu_sched prev_pid=10 prev_prio=120 prev_state=I ==> next_comm=process_lab next_pid=76 next_prio=120
     process_lab-76      [000] d.s..     2.424473: sched_waking: comm=rcu_sched pid=10 prio=120 target_cpu=000
     process_lab-76      [000] dNs..     2.424593: sched_wakeup: comm=rcu_sched pid=10 prio=120 target_cpu=000
     process_lab-76      [000] d....     2.424656: sched_switch: prev_comm=process_lab prev_pid=76 prev_prio=120 prev_state=R ==> next_comm=rcu_sched next_pid=10 next_prio=120
       rcu_sched-10      [000] d....     2.424745: sched_switch: prev_comm=rcu_sched prev_pid=10 prev_prio=120 prev_state=I ==> next_comm=process_lab next_pid=76 next_prio=120
     process_lab-76      [000] d.s..     2.425800: sched_waking: comm=rcu_sched pid=10 prio=120 target_cpu=000
     process_lab-76      [000] dNs..     2.425836: sched_wakeup: comm=rcu_sched pid=10 prio=120 target_cpu=000
     process_lab-76      [000] d....     2.425875: sched_switch: prev_comm=process_lab prev_pid=76 prev_prio=120 prev_state=R+ ==> next_comm=rcu_sched next_pid=10 next_prio=120
       rcu_sched-10      [000] d....     2.425919: sched_switch: prev_comm=rcu_sched prev_pid=10 prev_prio=120 prev_state=I ==> next_comm=process_lab next_pid=76 next_prio=120
     process_lab-76      [000] .....     2.426669: sched_process_exit: comm=process_lab pid=76 prio=120
     process_lab-76      [000] d....     2.426825: sched_waking: comm=init pid=1 prio=120 target_cpu=000
     process_lab-76      [000] dN...     2.426847: sched_wakeup: comm=init pid=1 prio=120 target_cpu=000
     process_lab-76      [000] d....     2.426890: sched_switch: prev_comm=process_lab prev_pid=76 prev_prio=120 prev_state=Z ==> next_comm=init next_pid=1 next_prio=120
            init-1       [000] d.s..     2.427750: sched_waking: comm=rcu_sched pid=10 prio=120 target_cpu=000
            init-1       [000] d.s..     2.427790: sched_wakeup: comm=rcu_sched pid=10 prio=120 target_cpu=000
TRACE_STATS
entries: 223
overrun: 0
commit overrun: 0
bytes: 10484
oldest event ts:     1.399675
now ts:     2.478509
dropped events: 0
read events: 0
TRACE_RESULT=0
[    2.607615] ACPI: PM: Preparing to enter system sleep state S5
[    2.607956] reboot: Power down
