c[?7l[2J[0mSeaBIOS (version 1.15.0-1)


iPXE (https://ipxe.org) 00:03.0 CA00 PCI2.10 PnP PMM+1FF8B340+1FECB340 CA00
Press Ctrl-B to configure iPXE (PCI 00:03.0)...                                                                               


Booting from ROM..c[?7l[2J[    0.000000] Linux version 5.15.0 (xuyu@lima-linux-x86-builder) (x86_64-linux-gnu-gcc (Ubuntu 11.4.0-1ubuntu1~22.04.3) 11.4.0, GNU ld (GNU Binutils for Ubuntu) 2.38) #1 SMP Sat Aug 29 10:43:49 CST 2026
[    0.000000] Command line: console=ttyS0 nokaslr rdinit=/init panic=-1
[    0.000000] x86/fpu: Supporting XSAVE feature 0x001: 'x87 floating point registers'
[    0.000000] x86/fpu: Supporting XSAVE feature 0x002: 'SSE registers'
[    0.000000] x86/fpu: Supporting XSAVE feature 0x008: 'MPX bounds registers'
[    0.000000] x86/fpu: Supporting XSAVE feature 0x010: 'MPX CSR'
[    0.000000] x86/fpu: Supporting XSAVE feature 0x200: 'Protection Keys User registers'
[    0.000000] x86/fpu: xstate_offset[3]:  960, xstate_sizes[3]:   64
[    0.000000] x86/fpu: xstate_offset[4]: 1024, xstate_sizes[4]:   64
[    0.000000] x86/fpu: xstate_offset[9]: 2688, xstate_sizes[9]:    8
[    0.000000] x86/fpu: Enabled xstate features 0x21b, context size is 2696 bytes, using 'standard' format.
[    0.000000] signal: max sigframe size: 3632
[    0.000000] BIOS-provided physical RAM map:
[    0.000000] BIOS-e820: [mem 0x0000000000000000-0x000000000009fbff] usable
[    0.000000] BIOS-e820: [mem 0x000000000009fc00-0x000000000009ffff] reserved
[    0.000000] BIOS-e820: [mem 0x00000000000f0000-0x00000000000fffff] reserved
[    0.000000] BIOS-e820: [mem 0x0000000000100000-0x000000001ffdffff] usable
[    0.000000] BIOS-e820: [mem 0x000000001ffe0000-0x000000001fffffff] reserved
[    0.000000] BIOS-e820: [mem 0x00000000fffc0000-0x00000000ffffffff] reserved
[    0.000000] NX (Execute Disable) protection: active
[    0.000000] SMBIOS 2.8 present.
[    0.000000] DMI: QEMU Standard PC (i440FX + PIIX, 1996), BIOS 1.15.0-1 04/01/2014
[    0.000000] tsc: Fast TSC calibration using PIT
[    0.000000] tsc: Detected 1000.007 MHz processor
[    0.004413] last_pfn = 0x1ffe0 max_arch_pfn = 0x10000000000
[    0.004729] x86/PAT: Configuration [0-7]: WB  WC  UC- UC  WB  WP  UC- WT  
[    0.011007] found SMP MP-table at [mem 0x000f5ba0-0x000f5baf]
[    0.011811] Using GB pages for direct mapping
[    0.013255] RAMDISK: [mem 0x1fe2d000-0x1ffdffff]
[    0.013453] ACPI: Early table checksum verification disabled
[    0.013611] ACPI: RSDP 0x00000000000F59E0 000014 (v00 BOCHS )
[    0.013718] ACPI: RSDT 0x000000001FFE1905 000034 (v01 BOCHS  BXPC     00000001 BXPC 00000001)
[    0.013982] ACPI: FACP 0x000000001FFE17B9 000074 (v01 BOCHS  BXPC     00000001 BXPC 00000001)
[    0.014212] ACPI: DSDT 0x000000001FFE0040 001779 (v01 BOCHS  BXPC     00000001 BXPC 00000001)
[    0.014255] ACPI: FACS 0x000000001FFE0000 000040
[    0.014284] ACPI: APIC 0x000000001FFE182D 000078 (v01 BOCHS  BXPC     00000001 BXPC 00000001)
[    0.014300] ACPI: HPET 0x000000001FFE18A5 000038 (v01 BOCHS  BXPC     00000001 BXPC 00000001)
[    0.014316] ACPI: WAET 0x000000001FFE18DD 000028 (v01 BOCHS  BXPC     00000001 BXPC 00000001)
[    0.014353] ACPI: Reserving FACP table memory at [mem 0x1ffe17b9-0x1ffe182c]
[    0.014369] ACPI: Reserving DSDT table memory at [mem 0x1ffe0040-0x1ffe17b8]
[    0.014376] ACPI: Reserving FACS table memory at [mem 0x1ffe0000-0x1ffe003f]
[    0.014383] ACPI: Reserving APIC table memory at [mem 0x1ffe182d-0x1ffe18a4]
[    0.014390] ACPI: Reserving HPET table memory at [mem 0x1ffe18a5-0x1ffe18dc]
[    0.014396] ACPI: Reserving WAET table memory at [mem 0x1ffe18dd-0x1ffe1904]
[    0.015600] No NUMA configuration found
[    0.015614] Faking a node at [mem 0x0000000000000000-0x000000001ffdffff]
[    0.015887] NODE_DATA(0) allocated [mem 0x1fe29000-0x1fe2cfff]
[    0.019680] Zone ranges:
[    0.019695]   DMA      [mem 0x0000000000001000-0x0000000000ffffff]
[    0.019732]   DMA32    [mem 0x0000000001000000-0x000000001ffdffff]
[    0.019741]   Normal   empty
[    0.019753] Movable zone start for each node
[    0.019770] Early memory node ranges
[    0.019784]   node   0: [mem 0x0000000000001000-0x000000000009efff]
[    0.019837]   node   0: [mem 0x0000000000100000-0x000000001ffdffff]
[    0.019922] Initmem setup node 0 [mem 0x0000000000001000-0x000000001ffdffff]
[    0.020282] On node 0, zone DMA: 1 pages in unavailable ranges
[    0.020370] On node 0, zone DMA: 97 pages in unavailable ranges
[    0.021756] On node 0, zone DMA32: 32 pages in unavailable ranges
[    0.021923] ACPI: PM-Timer IO Port: 0x608
[    0.022121] ACPI: LAPIC_NMI (acpi_id[0xff] dfl dfl lint[0x1])
[    0.022290] IOAPIC[0]: apic_id 0, version 32, address 0xfec00000, GSI 0-23
[    0.022350] ACPI: INT_SRC_OVR (bus 0 bus_irq 0 global_irq 2 dfl dfl)
[    0.022462] ACPI: INT_SRC_OVR (bus 0 bus_irq 5 global_irq 5 high level)
[    0.022481] ACPI: INT_SRC_OVR (bus 0 bus_irq 9 global_irq 9 high level)
[    0.022523] ACPI: INT_SRC_OVR (bus 0 bus_irq 10 global_irq 10 high level)
[    0.022531] ACPI: INT_SRC_OVR (bus 0 bus_irq 11 global_irq 11 high level)
[    0.022608] ACPI: Using ACPI (MADT) for SMP configuration information
[    0.022632] ACPI: HPET id: 0x8086a201 base: 0xfed00000
[    0.022776] smpboot: Allowing 1 CPUs, 0 hotplug CPUs
[    0.023151] PM: hibernation: Registered nosave memory: [mem 0x00000000-0x00000fff]
[    0.023175] PM: hibernation: Registered nosave memory: [mem 0x0009f000-0x0009ffff]
[    0.023189] PM: hibernation: Registered nosave memory: [mem 0x000a0000-0x000effff]
[    0.023196] PM: hibernation: Registered nosave memory: [mem 0x000f0000-0x000fffff]
[    0.023257] [mem 0x20000000-0xfffbffff] available for PCI devices
[    0.023399] clocksource: refined-jiffies: mask: 0xffffffff max_cycles: 0xffffffff, max_idle_ns: 1910969940391419 ns
[    0.028967] setup_percpu: NR_CPUS:64 nr_cpumask_bits:64 nr_cpu_ids:1 nr_node_ids:1
[    0.035183] percpu: Embedded 48 pages/cpu s157976 r8192 d30440 u2097152
[    0.036293] Built 1 zonelists, mobility grouping on.  Total pages: 128736
[    0.036306] Policy zone: DMA32
[    0.036381] Kernel command line: console=ttyS0 nokaslr rdinit=/init panic=-1
[    0.038247] Dentry cache hash table entries: 65536 (order: 7, 524288 bytes, linear)
[    0.038958] Inode-cache hash table entries: 32768 (order: 6, 262144 bytes, linear)
[    0.039587] mem auto-init: stack:off, heap alloc:off, heap free:off
[    0.042661] Memory: 480212K/523768K available (14350K kernel code, 2582K rwdata, 3588K rodata, 1352K init, 1508K bss, 43356K reserved, 0K cma-reserved)
[    0.044083] SLUB: HWalign=64, Order=0-3, MinObjects=0, CPUs=1, Nodes=1
[    0.047260] rcu: Hierarchical RCU implementation.
[    0.047271] rcu: 	RCU event tracing is enabled.
[    0.047286] rcu: 	RCU restricting CPUs from NR_CPUS=64 to nr_cpu_ids=1.
[    0.047366] rcu: RCU calculated value of scheduler-enlistment delay is 100 jiffies.
[    0.047386] rcu: Adjusting geometry for rcu_fanout_leaf=16, nr_cpu_ids=1
[    0.052550] NR_IRQS: 4352, nr_irqs: 256, preallocated irqs: 16
[    0.056407] random: get_random_bytes called from start_kernel+0x491/0x65e with crng_init=0
[    0.058562] Console: colour VGA+ 80x25
[    0.063983] printk: console [ttyS0] enabled
[    0.064566] ACPI: Core revision 20210730
[    0.066749] clocksource: hpet: mask: 0xffffffff max_cycles: 0xffffffff, max_idle_ns: 19112604467 ns
[    0.067575] APIC: Switch to symmetric I/O mode setup
[    0.070162] ..TIMER: vector=0x30 apic1=0 pin1=2 apic2=-1 pin2=-1
[    0.075412] clocksource: tsc-early: mask: 0xffffffffffffffff max_cycles: 0xe6a1db2333, max_idle_ns: 440795249466 ns
[    0.075726] Calibrating delay loop (skipped), value calculated using timer frequency.. 2000.01 BogoMIPS (lpj=1000007)
[    0.075887] pid_max: default: 32768 minimum: 301
[    0.076193] LSM: Security Framework initializing
[    0.076560] SELinux:  Initializing.
[    0.076887] Mount-cache hash table entries: 1024 (order: 1, 8192 bytes, linear)
[    0.076956] Mountpoint-cache hash table entries: 1024 (order: 1, 8192 bytes, linear)
[    0.086715] process: using AMD E400 aware idle routine
[    0.088422] Last level iTLB entries: 4KB 512, 2MB 255, 4MB 127
[    0.088566] Last level dTLB entries: 4KB 512, 2MB 255, 4MB 127, 1GB 0
[    0.089102] Spectre V1 : Mitigation: usercopy/swapgs barriers and __user pointer sanitization
[    0.089364] Spectre V2 : Mitigation: Full AMD retpoline
[    0.089418] Spectre V2 : Spectre v2 / SpectreRSB mitigation: Filling RSB on context switch
[    0.208991] Freeing SMP alternatives memory: 44K
[    0.324711] random: fast init done
[    0.326236] smpboot: CPU0: AMD QEMU TCG CPU version 2.5+ (family: 0xf, model: 0x6b, stepping: 0x1)
[    0.330904] Performance Events: PMU not available due to virtualization, using software events only.
[    0.332221] rcu: Hierarchical SRCU implementation.
[    0.335831] smp: Bringing up secondary CPUs ...
[    0.335912] smp: Brought up 1 node, 1 CPU
[    0.335961] smpboot: Max logical packages: 1
[    0.336027] smpboot: Total of 1 processors activated (2000.01 BogoMIPS)
[    0.343290] devtmpfs: initialized
[    0.347184] clocksource: jiffies: mask: 0xffffffff max_cycles: 0xffffffff, max_idle_ns: 1911260446275000 ns
[    0.347835] futex hash table entries: 256 (order: 2, 16384 bytes, linear)
[    0.348945] PM: RTC time: 05:50:33, date: 2026-09-12
[    0.351683] NET: Registered PF_NETLINK/PF_ROUTE protocol family
[    0.352893] audit: initializing netlink subsys (disabled)
[    0.355293] thermal_sys: Registered thermal governor 'step_wise'
[    0.355311] thermal_sys: Registered thermal governor 'user_space'
[    0.355679] cpuidle: using governor menu
[    0.356210] ACPI: bus type PCI registered
[    0.356860] audit: type=2000 audit(1789192232.284:1): state=initialized audit_enabled=0 res=1
[    0.357339] PCI: Using configuration type 1 for base access
[    0.372082] Kprobes globally optimized
[    0.373150] HugeTLB registered 2.00 MiB page size, pre-allocated 0 pages
[    0.375072] cryptomgr_test (20) used greatest stack depth: 15680 bytes left
[    0.379027] ACPI: Added _OSI(Module Device)
[    0.379077] ACPI: Added _OSI(Processor Device)
[    0.379113] ACPI: Added _OSI(3.0 _SCP Extensions)
[    0.379147] ACPI: Added _OSI(Processor Aggregator Device)
[    0.379210] ACPI: Added _OSI(Linux-Dell-Video)
[    0.379245] ACPI: Added _OSI(Linux-Lenovo-NV-HDMI-Audio)
[    0.379280] ACPI: Added _OSI(Linux-HPI-Hybrid-Graphics)
[    0.386518] ACPI: 1 ACPI AML tables successfully acquired and loaded
[    0.394205] ACPI: Interpreter enabled
[    0.394920] ACPI: PM: (supports S0 S3 S4 S5)
[    0.394976] ACPI: Using IOAPIC for interrupt routing
[    0.395178] PCI: Using host bridge windows from ACPI; if necessary, use "pci=nocrs" and report a bug
[    0.395629] ACPI: Enabled 2 GPEs in block 00 to 0F
[    0.410119] ACPI: PCI Root Bridge [PCI0] (domain 0000 [bus 00-ff])
[    0.410678] acpi PNP0A03:00: _OSC: OS supports [ASPM ClockPM Segments MSI HPX-Type3]
[    0.411035] acpi PNP0A03:00: fail to add MMCONFIG information, can't access extended PCI configuration space under this bridge.
[    0.411827] PCI host bridge to bus 0000:00
[    0.411910] pci_bus 0000:00: root bus resource [io  0x0000-0x0cf7 window]
[    0.412050] pci_bus 0000:00: root bus resource [io  0x0d00-0xffff window]
[    0.412100] pci_bus 0000:00: root bus resource [mem 0x000a0000-0x000bffff window]
[    0.412180] pci_bus 0000:00: root bus resource [mem 0x20000000-0xfebfffff window]
[    0.412230] pci_bus 0000:00: root bus resource [mem 0x100000000-0x17fffffff window]
[    0.412345] pci_bus 0000:00: root bus resource [bus 00-ff]
[    0.413428] pci 0000:00:00.0: [8086:1237] type 00 class 0x060000
[    0.416546] pci 0000:00:01.0: [8086:7000] type 00 class 0x060100
[    0.417050] pci 0000:00:01.1: [8086:7010] type 00 class 0x010180
[    0.417698] pci 0000:00:01.1: reg 0x20: [io  0xc040-0xc04f]
[    0.418072] pci 0000:00:01.1: legacy IDE quirk: reg 0x10: [io  0x01f0-0x01f7]
[    0.418145] pci 0000:00:01.1: legacy IDE quirk: reg 0x14: [io  0x03f6]
[    0.418654] pci 0000:00:01.1: legacy IDE quirk: reg 0x18: [io  0x0170-0x0177]
[    0.418726] pci 0000:00:01.1: legacy IDE quirk: reg 0x1c: [io  0x0376]
[    0.419347] pci 0000:00:01.3: [8086:7113] type 00 class 0x068000
[    0.419726] pci 0000:00:01.3: quirk: [io  0x0600-0x063f] claimed by PIIX4 ACPI
[    0.419796] pci 0000:00:01.3: quirk: [io  0x0700-0x070f] claimed by PIIX4 SMB
[    0.420448] pci 0000:00:02.0: [1234:1111] type 00 class 0x030000
[    0.420629] pci 0000:00:02.0: reg 0x10: [mem 0xfd000000-0xfdffffff pref]
[    0.421195] pci 0000:00:02.0: reg 0x18: [mem 0xfebb0000-0xfebb0fff]
[    0.421629] pci 0000:00:02.0: reg 0x30: [mem 0xfeba0000-0xfebaffff pref]
[    0.423061] pci 0000:00:03.0: [8086:100e] type 00 class 0x020000
[    0.423630] pci 0000:00:03.0: reg 0x10: [mem 0xfeb80000-0xfeb9ffff]
[    0.423910] pci 0000:00:03.0: reg 0x14: [io  0xc000-0xc03f]
[    0.424629] pci 0000:00:03.0: reg 0x30: [mem 0xfeb00000-0xfeb7ffff pref]
[    0.428159] ACPI: PCI: Interrupt link LNKA configured for IRQ 10
[    0.428483] ACPI: PCI: Interrupt link LNKB configured for IRQ 10
[    0.428777] ACPI: PCI: Interrupt link LNKC configured for IRQ 11
[    0.429021] ACPI: PCI: Interrupt link LNKD configured for IRQ 11
[    0.429169] ACPI: PCI: Interrupt link LNKS configured for IRQ 9
[    0.430112] iommu: Default domain type: Translated 
[    0.430162] iommu: DMA domain TLB invalidation policy: lazy mode 
[    0.431629] pci 0000:00:02.0: vgaarb: setting as boot VGA device
[    0.431629] pci 0000:00:02.0: vgaarb: VGA device added: decodes=io+mem,owns=io+mem,locks=none
[    0.431651] pci 0000:00:02.0: vgaarb: bridge control possible
[    0.431741] vgaarb: loaded
[    0.432719] SCSI subsystem initialized
[    0.433516] ACPI: bus type USB registered
[    0.433785] usbcore: registered new interface driver usbfs
[    0.434053] usbcore: registered new interface driver hub
[    0.434169] usbcore: registered new device driver usb
[    0.434415] pps_core: LinuxPPS API ver. 1 registered
[    0.434455] pps_core: Software ver. 5.3.6 - Copyright 2005-2007 Rodolfo Giometti <giometti@linux.it>
[    0.434592] PTP clock support registered
[    0.435353] Advanced Linux Sound Architecture Driver Initialized.
[    0.438887] NetLabel: Initializing
[    0.438925] NetLabel:  domain hash size = 128
[    0.438964] NetLabel:  protocols = UNLABELED CIPSOv4 CALIPSO
[    0.439373] NetLabel:  unlabeled traffic allowed by default
[    0.439916] PCI: Using ACPI for IRQ routing
[    0.440480] hpet0: at MMIO 0xfed00000, IRQs 2, 8, 0
[    0.440552] hpet0: 3 comparators, 64-bit 100.000000 MHz counter
[    0.444108] clocksource: Switched to clocksource tsc-early
[    0.468684] VFS: Disk quotas dquot_6.6.0
[    0.468812] VFS: Dquot-cache hash table entries: 512 (order 0, 4096 bytes)
[    0.469655] pnp: PnP ACPI init
[    0.637768] pnp: PnP ACPI: found 6 devices
[    0.648112] clocksource: acpi_pm: mask: 0xffffff max_cycles: 0xffffff, max_idle_ns: 2085701024 ns
[    0.648429] NET: Registered PF_INET protocol family
[    0.649364] IP idents hash table entries: 8192 (order: 4, 65536 bytes, linear)
[    0.651778] tcp_listen_portaddr_hash hash table entries: 256 (order: 0, 4096 bytes, linear)
[    0.651878] TCP established hash table entries: 4096 (order: 3, 32768 bytes, linear)
[    0.652024] TCP bind hash table entries: 4096 (order: 4, 65536 bytes, linear)
[    0.652148] TCP: Hash tables configured (established 4096 bind 4096)
[    0.652734] UDP hash table entries: 256 (order: 1, 8192 bytes, linear)
[    0.652865] UDP-Lite hash table entries: 256 (order: 1, 8192 bytes, linear)
[    0.653545] NET: Registered PF_UNIX/PF_LOCAL protocol family
[    0.654756] RPC: Registered named UNIX socket transport module.
[    0.654817] RPC: Registered udp transport module.
[    0.654852] RPC: Registered tcp transport module.
[    0.654884] RPC: Registered tcp NFSv4.1 backchannel transport module.
[    0.655983] pci_bus 0000:00: resource 4 [io  0x0000-0x0cf7 window]
[    0.655983] pci_bus 0000:00: resource 5 [io  0x0d00-0xffff window]
[    0.656228] pci_bus 0000:00: resource 6 [mem 0x000a0000-0x000bffff window]
[    0.656283] pci_bus 0000:00: resource 7 [mem 0x20000000-0xfebfffff window]
[    0.656329] pci_bus 0000:00: resource 8 [mem 0x100000000-0x17fffffff window]
[    0.656610] pci 0000:00:01.0: PIIX3: Enabling Passive Release
[    0.656690] pci 0000:00:00.0: Limiting direct PCI/PCI transfers
[    0.656756] pci 0000:00:01.0: Activating ISA DMA hang workarounds
[    0.656905] pci 0000:00:02.0: Video device with shadowed ROM at [mem 0x000c0000-0x000dffff]
[    0.657047] PCI: CLS 0 bytes, default 64
[    0.660229] Initialise system trusted keyrings
[    0.661806] Unpacking initramfs...
[    0.665716] workingset: timestamp_bits=56 max_order=17 bucket_order=0
[    0.681692] NFS: Registering the id_resolver key type
[    0.681859] Key type id_resolver registered
[    0.681906] Key type id_legacy registered
[    0.724581] Key type asymmetric registered
[    0.724660] Asymmetric key parser 'x509' registered
[    0.724875] Block layer SCSI generic (bsg) driver version 0.4 loaded (major 251)
[    0.724983] io scheduler mq-deadline registered
[    0.725091] io scheduler kyber registered
[    0.726488] input: Power Button as /devices/LNXSYSTM:00/LNXPWRBN:00/input/input0
[    0.727445] cryptomgr_test (54) used greatest stack depth: 15664 bytes left
[    0.728006] ACPI: button: Power Button [PWRF]
[    0.732172] Serial: 8250/16550 driver, 4 ports, IRQ sharing enabled
[    0.733162] 00:04: ttyS0 at I/O 0x3f8 (irq = 4, base_baud = 115200) is a 16550A
[    0.737787] Non-volatile memory driver v1.3
[    0.737943] Linux agpgart interface v0.103
[    0.754688] loop: module loaded
[    0.765460] scsi host0: ata_piix
[    0.766525] scsi host1: ata_piix
[    0.766777] ata1: PATA max MWDMA2 cmd 0x1f0 ctl 0x3f6 bmdma 0xc040 irq 14
[    0.766853] ata2: PATA max MWDMA2 cmd 0x170 ctl 0x376 bmdma 0xc048 irq 15
[    0.769319] libphy: Fixed MDIO Bus: probed
[    0.769827] e100: Intel(R) PRO/100 Network Driver
[    0.769865] e100: Copyright(c) 1999-2006 Intel Corporation
[    0.769941] e1000: Intel(R) PRO/1000 Network Driver
[    0.770022] e1000: Copyright (c) 1999-2006 Intel Corporation.
[    0.776005] Freeing initrd memory: 1740K
[    0.873389] ACPI: \_SB_.LNKC: Enabled at IRQ 11
[    0.928611] ata2.00: ATAPI: QEMU DVD-ROM, 2.5+, max UDMA/100
[    0.933292] scsi 1:0:0:0: CD-ROM            QEMU     QEMU DVD-ROM     2.5+ PQ: 0 ANSI: 5
[    0.959241] sr 1:0:0:0: [sr0] scsi3-mmc drive: 4x/4x cd/rw xa/form2 tray
[    0.959418] cdrom: Uniform CD-ROM driver Revision: 3.20
[    0.984522] sr 1:0:0:0: Attached scsi generic sg0 type 5
[    1.163834] e1000 0000:00:03.0 eth0: (PCI:33MHz:32-bit) 52:54:00:12:34:56
[    1.164100] e1000 0000:00:03.0 eth0: Intel(R) PRO/1000 Network Connection
[    1.164417] e1000e: Intel(R) PRO/1000 Network Driver
[    1.164462] e1000e: Copyright(c) 1999 - 2015 Intel Corporation.
[    1.164573] sky2: driver version 1.30
[    1.165193] ehci_hcd: USB 2.0 'Enhanced' Host Controller (EHCI) Driver
[    1.165281] ehci-pci: EHCI PCI platform driver
[    1.165401] ohci_hcd: USB 1.1 'Open' Host Controller (OHCI) Driver
[    1.165471] ohci-pci: OHCI PCI platform driver
[    1.165587] uhci_hcd: USB Universal Host Controller Interface driver
[    1.165890] usbcore: registered new interface driver usblp
[    1.166000] usbcore: registered new interface driver usb-storage
[    1.166407] i8042: PNP: PS/2 Controller [PNP0303:KBD,PNP0f13:MOU] at 0x60,0x64 irq 1,12
[    1.167813] serio: i8042 KBD port at 0x60,0x64 irq 1
[    1.168025] serio: i8042 AUX port at 0x60,0x64 irq 12
[    1.169905] input: AT Translated Set 2 keyboard as /devices/platform/i8042/serio0/input/input1
[    1.171391] rtc_cmos 00:05: RTC can wake from S4
[    1.173761] rtc_cmos 00:05: registered as rtc0
[    1.174064] rtc_cmos 00:05: alarms up to one day, y3k, 242 bytes nvram, hpet irqs
[    1.174581] device-mapper: ioctl: 4.45.0-ioctl (2021-03-22) initialised: dm-devel@redhat.com
[    1.174966] hid: raw HID events driver (C) Jiri Kosina
[    1.175692] usbcore: registered new interface driver usbhid
[    1.175692] usbhid: USB HID core driver
[    1.179579] Initializing XFRM netlink socket
[    1.180087] NET: Registered PF_INET6 protocol family
[    1.183132] Segment Routing with IPv6
[    1.183258] In-situ OAM (IOAM) with IPv6
[    1.183732] sit: IPv6, IPv4 and MPLS over IPv4 tunneling driver
[    1.184789] NET: Registered PF_PACKET protocol family
[    1.185214] Key type dns_resolver registered
[    1.186723] IPI shorthand broadcast: enabled
[    1.186869] sched_clock: Marking stable (1173302944, 13409069)->(1189123591, -2411578)
[    1.187550] registered taskstats version 1
[    1.187598] Loading compiled-in X.509 certificates
[    1.189358] PM:   Magic number: 10:236:820
[    1.189701] printk: console [netcon0] enabled
[    1.189780] netconsole: network logging started
[    1.190796] cfg80211: Loading compiled-in X.509 certificates for regulatory database
[    1.196497] kworker/u2:2 (65) used greatest stack depth: 14856 bytes left
[    1.200134] cfg80211: Loaded X.509 cert 'sforshee: 00b28ddf47aef9cea7'
[    1.200730] platform regulatory.0: Direct firmware load for regulatory.db failed with error -2
[    1.200969] cfg80211: failed to load regulatory.db
[    1.201736] ALSA device list:
[    1.201893]   No soundcards found.
[    1.216690] Freeing unused kernel image (initmem) memory: 1352K
[    1.218285] Write protecting the kernel read-only data: 20480k
[    1.220020] Freeing unused kernel image (text/rodata gap) memory: 2032K
[    1.220411] Freeing unused kernel image (rodata/data gap) memory: 508K
[    1.220613] Run /init as init process
[    1.246317] mount (69) used greatest stack depth: 14816 bytes left

PROCESS_STUDY_BOOT
Linux (none) 5.15.0 #1 SMP Sat Aug 29 10:43:49 CST 2026 x86_64 GNU/Linux
CHECKPOINT before fork cow pid=74 tid=74
child pid=75 address=0x7f7de646e000 before=P
CHECKPOINT child before COW store pid=75 tid=75
parent pid=74 child=75 address=0x7f7de646e000 after child store=P
CHECKPOINT parent after child COW pid=74 tid=74
PASS cow
CHECKPOINT before fork exec pid=74 tid=74
before exec child pid=76
CHECKPOINT child before exec pid=76 tid=76
exec-child pid=76 tid=76
CHECKPOINT after exec pid=76 tid=76
PASS exec-child
PASS exec
main pid=74 tid=74 shared_address=0x4e73d0
thread pid=74 tid=77 shared_address=0x4e73d0
PASS threads
child read=AB
parent read=CD (shared open-file offset)
PASS fd
before waitpid child=79 State:	Z (zombie)
CHECKPOINT zombie before reap pid=74 tid=74
PASS zombie
CHECKPOINT parent before waking reader pid=74 tid=74
child about to pipe read pid=80
[    1.712348] tsc: Refined TSC clocksource calibration: 999.995 MHz
[    1.712658] clocksource: tsc: mask: 0xffffffffffffffff max_cycles: 0x1cd424c4a68, max_idle_ns: 881590510633 ns
[    1.712901] clocksource: Switched to clocksource tsc
[    1.814396] input: ImExPS/2 Generic Explorer Mouse as /devices/platform/i8042/serio1/input/input3
PASS pipe
[    2.303549] process_lab (74) used greatest stack depth: 14440 bytes left
PROCESS_STUDY_RESULT=0
PID 1 stays alive until poweroff; no accidental init exit.
[    2.433942] ACPI: PM: Preparing to enter system sleep state S5
[    2.434280] reboot: Power down
