c[?7l[2J[0mSeaBIOS (version 1.15.0-1)


iPXE (https://ipxe.org) 00:03.0 CA00 PCI2.10 PnP PMM+1FF8B340+1FECB340 CA00
Press Ctrl-B to configure iPXE (PCI 00:03.0)...                                                                               


Booting from ROM..c[?7l[2J[    0.000000] Linux version 5.15.0 (xuyu@lima-linux-x86-builder) (x86_64-linux-gnu-gcc (Ubuntu 11.4.0-1ubuntu1~22.04.3) 11.4.0, GNU ld (GNU Binutils for Ubuntu) 2.38) #1 SMP Sat Aug 29 10:43:49 CST 2026
[    0.000000] Command line: console=ttyS0 nokaslr rdinit=/init panic=-1
[    0.000000] x86/fpu: Supporting XSAVE feature 0x001: 'x87 floating point registers'
[    0.000000] x86/fpu: Supporting XSAVE feature 0x002: 'SSE registers'
[    0.000000] x86/fpu: Supporting XSAVE feature 0x008: 'MPX bounds registers'
[    0.000000] x86/fpu: Supporting XSAVE feature 0x010: 'MPX CSR'
[    0.000000] x86/fpu: Supporting XSAVE feature 0x200: 'Protection Keys User registers'
[    0.000000] x86/fpu: xstate_offset[3]:  960, xstate_sizes[3]:   64
[    0.000000] x86/fpu: xstate_offset[4]: 1024, xstate_sizes[4]:   64
[    0.000000] x86/fpu: xstate_offset[9]: 2688, xstate_sizes[9]:    8
[    0.000000] x86/fpu: Enabled xstate features 0x21b, context size is 2696 bytes, using 'standard' format.
[    0.000000] signal: max sigframe size: 3632
[    0.000000] BIOS-provided physical RAM map:
[    0.000000] BIOS-e820: [mem 0x0000000000000000-0x000000000009fbff] usable
[    0.000000] BIOS-e820: [mem 0x000000000009fc00-0x000000000009ffff] reserved
[    0.000000] BIOS-e820: [mem 0x00000000000f0000-0x00000000000fffff] reserved
[    0.000000] BIOS-e820: [mem 0x0000000000100000-0x000000001ffdffff] usable
[    0.000000] BIOS-e820: [mem 0x000000001ffe0000-0x000000001fffffff] reserved
[    0.000000] BIOS-e820: [mem 0x00000000fffc0000-0x00000000ffffffff] reserved
[    0.000000] NX (Execute Disable) protection: active
[    0.000000] SMBIOS 2.8 present.
[    0.000000] DMI: QEMU Standard PC (i440FX + PIIX, 1996), BIOS 1.15.0-1 04/01/2014
[    0.000000] tsc: Fast TSC calibration using PIT
[    0.000000] tsc: Detected 999.996 MHz processor
[    0.004028] last_pfn = 0x1ffe0 max_arch_pfn = 0x10000000000
[    0.004331] x86/PAT: Configuration [0-7]: WB  WC  UC- UC  WB  WP  UC- WT  
[    0.009947] found SMP MP-table at [mem 0x000f5ba0-0x000f5baf]
[    0.010702] Using GB pages for direct mapping
[    0.012049] RAMDISK: [mem 0x1fe2d000-0x1ffdffff]
[    0.012235] ACPI: Early table checksum verification disabled
[    0.012380] ACPI: RSDP 0x00000000000F59E0 000014 (v00 BOCHS )
[    0.012478] ACPI: RSDT 0x000000001FFE1905 000034 (v01 BOCHS  BXPC     00000001 BXPC 00000001)
[    0.012724] ACPI: FACP 0x000000001FFE17B9 000074 (v01 BOCHS  BXPC     00000001 BXPC 00000001)
[    0.012945] ACPI: DSDT 0x000000001FFE0040 001779 (v01 BOCHS  BXPC     00000001 BXPC 00000001)
[    0.012981] ACPI: FACS 0x000000001FFE0000 000040
[    0.013003] ACPI: APIC 0x000000001FFE182D 000078 (v01 BOCHS  BXPC     00000001 BXPC 00000001)
[    0.013013] ACPI: HPET 0x000000001FFE18A5 000038 (v01 BOCHS  BXPC     00000001 BXPC 00000001)
[    0.013023] ACPI: WAET 0x000000001FFE18DD 000028 (v01 BOCHS  BXPC     00000001 BXPC 00000001)
[    0.013056] ACPI: Reserving FACP table memory at [mem 0x1ffe17b9-0x1ffe182c]
[    0.013069] ACPI: Reserving DSDT table memory at [mem 0x1ffe0040-0x1ffe17b8]
[    0.013074] ACPI: Reserving FACS table memory at [mem 0x1ffe0000-0x1ffe003f]
[    0.013079] ACPI: Reserving APIC table memory at [mem 0x1ffe182d-0x1ffe18a4]
[    0.013083] ACPI: Reserving HPET table memory at [mem 0x1ffe18a5-0x1ffe18dc]
[    0.013088] ACPI: Reserving WAET table memory at [mem 0x1ffe18dd-0x1ffe1904]
[    0.014251] No NUMA configuration found
[    0.014262] Faking a node at [mem 0x0000000000000000-0x000000001ffdffff]
[    0.014520] NODE_DATA(0) allocated [mem 0x1fe29000-0x1fe2cfff]
[    0.018192] Zone ranges:
[    0.018204]   DMA      [mem 0x0000000000001000-0x0000000000ffffff]
[    0.018235]   DMA32    [mem 0x0000000001000000-0x000000001ffdffff]
[    0.018240]   Normal   empty
[    0.018248] Movable zone start for each node
[    0.018262] Early memory node ranges
[    0.018275]   node   0: [mem 0x0000000000001000-0x000000000009efff]
[    0.018323]   node   0: [mem 0x0000000000100000-0x000000001ffdffff]
[    0.018402] Initmem setup node 0 [mem 0x0000000000001000-0x000000001ffdffff]
[    0.018759] On node 0, zone DMA: 1 pages in unavailable ranges
[    0.018847] On node 0, zone DMA: 97 pages in unavailable ranges
[    0.020204] On node 0, zone DMA32: 32 pages in unavailable ranges
[    0.020361] ACPI: PM-Timer IO Port: 0x608
[    0.020544] ACPI: LAPIC_NMI (acpi_id[0xff] dfl dfl lint[0x1])
[    0.020698] IOAPIC[0]: apic_id 0, version 32, address 0xfec00000, GSI 0-23
[    0.020751] ACPI: INT_SRC_OVR (bus 0 bus_irq 0 global_irq 2 dfl dfl)
[    0.020856] ACPI: INT_SRC_OVR (bus 0 bus_irq 5 global_irq 5 high level)
[    0.020871] ACPI: INT_SRC_OVR (bus 0 bus_irq 9 global_irq 9 high level)
[    0.020909] ACPI: INT_SRC_OVR (bus 0 bus_irq 10 global_irq 10 high level)
[    0.020914] ACPI: INT_SRC_OVR (bus 0 bus_irq 11 global_irq 11 high level)
[    0.020986] ACPI: Using ACPI (MADT) for SMP configuration information
[    0.021005] ACPI: HPET id: 0x8086a201 base: 0xfed00000
[    0.021139] smpboot: Allowing 1 CPUs, 0 hotplug CPUs
[    0.021512] PM: hibernation: Registered nosave memory: [mem 0x00000000-0x00000fff]
[    0.021532] PM: hibernation: Registered nosave memory: [mem 0x0009f000-0x0009ffff]
[    0.021542] PM: hibernation: Registered nosave memory: [mem 0x000a0000-0x000effff]
[    0.021546] PM: hibernation: Registered nosave memory: [mem 0x000f0000-0x000fffff]
[    0.021591] [mem 0x20000000-0xfffbffff] available for PCI devices
[    0.021725] clocksource: refined-jiffies: mask: 0xffffffff max_cycles: 0xffffffff, max_idle_ns: 1910969940391419 ns
[    0.027288] setup_percpu: NR_CPUS:64 nr_cpumask_bits:64 nr_cpu_ids:1 nr_node_ids:1
[    0.033248] percpu: Embedded 48 pages/cpu s157976 r8192 d30440 u2097152
[    0.034304] Built 1 zonelists, mobility grouping on.  Total pages: 128736
[    0.034313] Policy zone: DMA32
[    0.034381] Kernel command line: console=ttyS0 nokaslr rdinit=/init panic=-1
[    0.036156] Dentry cache hash table entries: 65536 (order: 7, 524288 bytes, linear)
[    0.036831] Inode-cache hash table entries: 32768 (order: 6, 262144 bytes, linear)
[    0.037416] mem auto-init: stack:off, heap alloc:off, heap free:off
[    0.040343] Memory: 480212K/523768K available (14350K kernel code, 2582K rwdata, 3588K rodata, 1352K init, 1508K bss, 43356K reserved, 0K cma-reserved)
[    0.041695] SLUB: HWalign=64, Order=0-3, MinObjects=0, CPUs=1, Nodes=1
[    0.044791] rcu: Hierarchical RCU implementation.
[    0.044797] rcu: 	RCU event tracing is enabled.
[    0.044808] rcu: 	RCU restricting CPUs from NR_CPUS=64 to nr_cpu_ids=1.
[    0.044882] rcu: RCU calculated value of scheduler-enlistment delay is 100 jiffies.
[    0.044897] rcu: Adjusting geometry for rcu_fanout_leaf=16, nr_cpu_ids=1
[    0.049739] NR_IRQS: 4352, nr_irqs: 256, preallocated irqs: 16
[    0.053329] random: get_random_bytes called from start_kernel+0x491/0x65e with crng_init=0
[    0.055370] Console: colour VGA+ 80x25
[    0.059840] printk: console [ttyS0] enabled
[    0.060302] ACPI: Core revision 20210730
[    0.062220] clocksource: hpet: mask: 0xffffffff max_cycles: 0xffffffff, max_idle_ns: 19112604467 ns
[    0.062975] APIC: Switch to symmetric I/O mode setup
[    0.065297] ..TIMER: vector=0x30 apic1=0 pin1=2 apic2=-1 pin2=-1
[    0.070081] clocksource: tsc-early: mask: 0xffffffffffffffff max_cycles: 0x1cd42698240, max_idle_ns: 881590536164 ns
[    0.070367] Calibrating delay loop (skipped), value calculated using timer frequency.. 1999.99 BogoMIPS (lpj=999996)
[    0.070508] pid_max: default: 32768 minimum: 301
[    0.070791] LSM: Security Framework initializing
[    0.071530] SELinux:  Initializing.
[    0.071876] Mount-cache hash table entries: 1024 (order: 1, 8192 bytes, linear)
[    0.071936] Mountpoint-cache hash table entries: 1024 (order: 1, 8192 bytes, linear)
[    0.080615] process: using AMD E400 aware idle routine
[    0.081833] Last level iTLB entries: 4KB 512, 2MB 255, 4MB 127
[    0.081946] Last level dTLB entries: 4KB 512, 2MB 255, 4MB 127, 1GB 0
[    0.082750] Spectre V1 : Mitigation: usercopy/swapgs barriers and __user pointer sanitization
[    0.083008] Spectre V2 : Mitigation: Full AMD retpoline
[    0.083054] Spectre V2 : Spectre v2 / SpectreRSB mitigation: Filling RSB on context switch
[    0.201872] Freeing SMP alternatives memory: 44K
[    0.310282] smpboot: CPU0: AMD QEMU TCG CPU version 2.5+ (family: 0xf, model: 0x6b, stepping: 0x1)
[    0.313431] Performance Events: PMU not available due to virtualization, using software events only.
[    0.314591] rcu: Hierarchical SRCU implementation.
[    0.317150] smp: Bringing up secondary CPUs ...
[    0.317237] smp: Brought up 1 node, 1 CPU
[    0.317478] smpboot: Max logical packages: 1
[    0.317540] smpboot: Total of 1 processors activated (1999.99 BogoMIPS)
[    0.325214] devtmpfs: initialized
[    0.329132] clocksource: jiffies: mask: 0xffffffff max_cycles: 0xffffffff, max_idle_ns: 1911260446275000 ns
[    0.329397] futex hash table entries: 256 (order: 2, 16384 bytes, linear)
[    0.331236] PM: RTC time: 05:43:41, date: 2026-09-12
[    0.333580] NET: Registered PF_NETLINK/PF_ROUTE protocol family
[    0.335185] audit: initializing netlink subsys (disabled)
[    0.337368] thermal_sys: Registered thermal governor 'step_wise'
[    0.337386] thermal_sys: Registered thermal governor 'user_space'
[    0.337517] cpuidle: using governor menu
[    0.338327] ACPI: bus type PCI registered
[    0.339282] PCI: Using configuration type 1 for base access
[    0.339446] audit: type=2000 audit(1789191821.272:1): state=initialized audit_enabled=0 res=1
[    0.353430] Kprobes globally optimized
[    0.354714] HugeTLB registered 2.00 MiB page size, pre-allocated 0 pages
[    0.356394] cryptomgr_test (20) used greatest stack depth: 15728 bytes left
[    0.356752] cryptomgr_test (21) used greatest stack depth: 15680 bytes left
[    0.359450] cryptomgr_test (39) used greatest stack depth: 15640 bytes left
[    0.360679] ACPI: Added _OSI(Module Device)
[    0.360723] ACPI: Added _OSI(Processor Device)
[    0.360760] ACPI: Added _OSI(3.0 _SCP Extensions)
[    0.360791] ACPI: Added _OSI(Processor Aggregator Device)
[    0.360858] ACPI: Added _OSI(Linux-Dell-Video)
[    0.360895] ACPI: Added _OSI(Linux-Lenovo-NV-HDMI-Audio)
[    0.360930] ACPI: Added _OSI(Linux-HPI-Hybrid-Graphics)
[    0.367971] ACPI: 1 ACPI AML tables successfully acquired and loaded
[    0.375495] ACPI: Interpreter enabled
[    0.375892] ACPI: PM: (supports S0 S3 S4 S5)
[    0.375949] ACPI: Using IOAPIC for interrupt routing
[    0.376405] PCI: Using host bridge windows from ACPI; if necessary, use "pci=nocrs" and report a bug
[    0.377030] ACPI: Enabled 2 GPEs in block 00 to 0F
[    0.391501] ACPI: PCI Root Bridge [PCI0] (domain 0000 [bus 00-ff])
[    0.391852] acpi PNP0A03:00: _OSC: OS supports [ASPM ClockPM Segments MSI HPX-Type3]
[    0.392486] acpi PNP0A03:00: fail to add MMCONFIG information, can't access extended PCI configuration space under this bridge.
[    0.393480] PCI host bridge to bus 0000:00
[    0.393567] pci_bus 0000:00: root bus resource [io  0x0000-0x0cf7 window]
[    0.393706] pci_bus 0000:00: root bus resource [io  0x0d00-0xffff window]
[    0.393773] pci_bus 0000:00: root bus resource [mem 0x000a0000-0x000bffff window]
[    0.393851] pci_bus 0000:00: root bus resource [mem 0x20000000-0xfebfffff window]
[    0.393905] pci_bus 0000:00: root bus resource [mem 0x100000000-0x17fffffff window]
[    0.394319] pci_bus 0000:00: root bus resource [bus 00-ff]
[    0.395166] pci 0000:00:00.0: [8086:1237] type 00 class 0x060000
[    0.398525] pci 0000:00:01.0: [8086:7000] type 00 class 0x060100
[    0.399025] pci 0000:00:01.1: [8086:7010] type 00 class 0x010180
[    0.399312] pci 0000:00:01.1: reg 0x20: [io  0xc040-0xc04f]
[    0.399657] pci 0000:00:01.1: legacy IDE quirk: reg 0x10: [io  0x01f0-0x01f7]
[    0.399730] pci 0000:00:01.1: legacy IDE quirk: reg 0x14: [io  0x03f6]
[    0.400325] pci 0000:00:01.1: legacy IDE quirk: reg 0x18: [io  0x0170-0x0177]
[    0.400405] pci 0000:00:01.1: legacy IDE quirk: reg 0x1c: [io  0x0376]
[    0.401047] pci 0000:00:01.3: [8086:7113] type 00 class 0x068000
[    0.401282] pci 0000:00:01.3: quirk: [io  0x0600-0x063f] claimed by PIIX4 ACPI
[    0.401282] pci 0000:00:01.3: quirk: [io  0x0700-0x070f] claimed by PIIX4 SMB
[    0.401829] pci 0000:00:02.0: [1234:1111] type 00 class 0x030000
[    0.402282] pci 0000:00:02.0: reg 0x10: [mem 0xfd000000-0xfdffffff pref]
[    0.402901] pci 0000:00:02.0: reg 0x18: [mem 0xfebb0000-0xfebb0fff]
[    0.404066] pci 0000:00:02.0: reg 0x30: [mem 0xfeba0000-0xfebaffff pref]
[    0.405644] pci 0000:00:03.0: [8086:100e] type 00 class 0x020000
[    0.405987] pci 0000:00:03.0: reg 0x10: [mem 0xfeb80000-0xfeb9ffff]
[    0.406597] pci 0000:00:03.0: reg 0x14: [io  0xc000-0xc03f]
[    0.407282] pci 0000:00:03.0: reg 0x30: [mem 0xfeb00000-0xfeb7ffff pref]
[    0.411282] ACPI: PCI: Interrupt link LNKA configured for IRQ 10
[    0.411508] ACPI: PCI: Interrupt link LNKB configured for IRQ 10
[    0.411782] ACPI: PCI: Interrupt link LNKC configured for IRQ 11
[    0.412042] ACPI: PCI: Interrupt link LNKD configured for IRQ 11
[    0.412335] ACPI: PCI: Interrupt link LNKS configured for IRQ 9
[    0.413282] iommu: Default domain type: Translated 
[    0.413282] iommu: DMA domain TLB invalidation policy: lazy mode 
[    0.415101] pci 0000:00:02.0: vgaarb: setting as boot VGA device
[    0.415191] pci 0000:00:02.0: vgaarb: VGA device added: decodes=io+mem,owns=io+mem,locks=none
[    0.415277] pci 0000:00:02.0: vgaarb: bridge control possible
[    0.415320] vgaarb: loaded
[    0.416007] SCSI subsystem initialized
[    0.416424] ACPI: bus type USB registered
[    0.416645] usbcore: registered new interface driver usbfs
[    0.417314] usbcore: registered new interface driver hub
[    0.417427] usbcore: registered new device driver usb
[    0.417666] pps_core: LinuxPPS API ver. 1 registered
[    0.417708] pps_core: Software ver. 5.3.6 - Copyright 2005-2007 Rodolfo Giometti <giometti@linux.it>
[    0.417813] PTP clock support registered
[    0.418800] Advanced Linux Sound Architecture Driver Initialized.
[    0.422695] NetLabel: Initializing
[    0.422736] NetLabel:  domain hash size = 128
[    0.422776] NetLabel:  protocols = UNLABELED CIPSOv4 CALIPSO
[    0.423182] NetLabel:  unlabeled traffic allowed by default
[    0.423499] PCI: Using ACPI for IRQ routing
[    0.424050] hpet0: at MMIO 0xfed00000, IRQs 2, 8, 0
[    0.424124] hpet0: 3 comparators, 64-bit 100.000000 MHz counter
[    0.427733] clocksource: Switched to clocksource tsc-early
[    0.451891] VFS: Disk quotas dquot_6.6.0
[    0.451993] VFS: Dquot-cache hash table entries: 512 (order 0, 4096 bytes)
[    0.452960] pnp: PnP ACPI init
[    0.454918] pnp: PnP ACPI: found 6 devices
[    0.631510] clocksource: acpi_pm: mask: 0xffffff max_cycles: 0xffffff, max_idle_ns: 2085701024 ns
[    0.631811] NET: Registered PF_INET protocol family
[    0.632544] IP idents hash table entries: 8192 (order: 4, 65536 bytes, linear)
[    0.634917] tcp_listen_portaddr_hash hash table entries: 256 (order: 0, 4096 bytes, linear)
[    0.635029] TCP established hash table entries: 4096 (order: 3, 32768 bytes, linear)
[    0.635165] TCP bind hash table entries: 4096 (order: 4, 65536 bytes, linear)
[    0.635291] TCP: Hash tables configured (established 4096 bind 4096)
[    0.635870] UDP hash table entries: 256 (order: 1, 8192 bytes, linear)
[    0.635999] UDP-Lite hash table entries: 256 (order: 1, 8192 bytes, linear)
[    0.636757] NET: Registered PF_UNIX/PF_LOCAL protocol family
[    0.637772] RPC: Registered named UNIX socket transport module.
[    0.637772] RPC: Registered udp transport module.
[    0.638159] RPC: Registered tcp transport module.
[    0.638193] RPC: Registered tcp NFSv4.1 backchannel transport module.
[    0.639470] pci_bus 0000:00: resource 4 [io  0x0000-0x0cf7 window]
[    0.639532] pci_bus 0000:00: resource 5 [io  0x0d00-0xffff window]
[    0.639578] pci_bus 0000:00: resource 6 [mem 0x000a0000-0x000bffff window]
[    0.639628] pci_bus 0000:00: resource 7 [mem 0x20000000-0xfebfffff window]
[    0.639677] pci_bus 0000:00: resource 8 [mem 0x100000000-0x17fffffff window]
[    0.639990] pci 0000:00:01.0: PIIX3: Enabling Passive Release
[    0.640073] pci 0000:00:00.0: Limiting direct PCI/PCI transfers
[    0.640149] pci 0000:00:01.0: Activating ISA DMA hang workarounds
[    0.640334] pci 0000:00:02.0: Video device with shadowed ROM at [mem 0x000c0000-0x000dffff]
[    0.640441] PCI: CLS 0 bytes, default 64
[    0.644229] Initialise system trusted keyrings
[    0.645754] Unpacking initramfs...
[    0.650456] workingset: timestamp_bits=56 max_order=17 bucket_order=0
[    0.664567] NFS: Registering the id_resolver key type
[    0.664763] Key type id_resolver registered
[    0.664857] Key type id_legacy registered
[    0.712589] Key type asymmetric registered
[    0.712674] Asymmetric key parser 'x509' registered
[    0.712904] Block layer SCSI generic (bsg) driver version 0.4 loaded (major 251)
[    0.713071] io scheduler mq-deadline registered
[    0.713136] io scheduler kyber registered
[    0.714550] input: Power Button as /devices/LNXSYSTM:00/LNXPWRBN:00/input/input0
[    0.716190] ACPI: button: Power Button [PWRF]
[    0.719537] Serial: 8250/16550 driver, 4 ports, IRQ sharing enabled
[    0.720488] 00:04: ttyS0 at I/O 0x3f8 (irq = 4, base_baud = 115200) is a 16550A
[    0.725083] Non-volatile memory driver v1.3
[    0.725232] Linux agpgart interface v0.103
[    0.741803] loop: module loaded
[    0.750736] scsi host0: ata_piix
[    0.755017] Freeing initrd memory: 1740K
[    0.755329] scsi host1: ata_piix
[    0.755595] ata1: PATA max MWDMA2 cmd 0x1f0 ctl 0x3f6 bmdma 0xc040 irq 14
[    0.755674] ata2: PATA max MWDMA2 cmd 0x170 ctl 0x376 bmdma 0xc048 irq 15
[    0.756706] libphy: Fixed MDIO Bus: probed
[    0.758635] e100: Intel(R) PRO/100 Network Driver
[    0.758674] e100: Copyright(c) 1999-2006 Intel Corporation
[    0.758757] e1000: Intel(R) PRO/1000 Network Driver
[    0.758858] e1000: Copyright (c) 1999-2006 Intel Corporation.
[    0.860884] ACPI: \_SB_.LNKC: Enabled at IRQ 11
[    0.922272] ata2.00: ATAPI: QEMU DVD-ROM, 2.5+, max UDMA/100
[    0.927058] scsi 1:0:0:0: CD-ROM            QEMU     QEMU DVD-ROM     2.5+ PQ: 0 ANSI: 5
[    0.953349] random: fast init done
[    0.953557] sr 1:0:0:0: [sr0] scsi3-mmc drive: 4x/4x cd/rw xa/form2 tray
[    0.953713] cdrom: Uniform CD-ROM driver Revision: 3.20
[    0.979729] sr 1:0:0:0: Attached scsi generic sg0 type 5
[    1.235706] e1000 0000:00:03.0 eth0: (PCI:33MHz:32-bit) 52:54:00:12:34:56
[    1.235706] e1000 0000:00:03.0 eth0: Intel(R) PRO/1000 Network Connection
[    1.235706] e1000e: Intel(R) PRO/1000 Network Driver
[    1.235706] e1000e: Copyright(c) 1999 - 2015 Intel Corporation.
[    1.235706] sky2: driver version 1.30
[    1.235706] ehci_hcd: USB 2.0 'Enhanced' Host Controller (EHCI) Driver
[    1.235706] ehci-pci: EHCI PCI platform driver
[    1.235706] ohci_hcd: USB 1.1 'Open' Host Controller (OHCI) Driver
[    1.235706] ohci-pci: OHCI PCI platform driver
[    1.235706] uhci_hcd: USB Universal Host Controller Interface driver
[    1.235706] usbcore: registered new interface driver usblp
[    1.235706] usbcore: registered new interface driver usb-storage
[    1.235706] i8042: PNP: PS/2 Controller [PNP0303:KBD,PNP0f13:MOU] at 0x60,0x64 irq 1,12
[    1.235706] serio: i8042 KBD port at 0x60,0x64 irq 1
[    1.235706] serio: i8042 AUX port at 0x60,0x64 irq 12
[    1.235706] input: AT Translated Set 2 keyboard as /devices/platform/i8042/serio0/input/input1
[    1.235706] rtc_cmos 00:05: RTC can wake from S4
[    1.264690] rtc_cmos 00:05: registered as rtc0
[    1.274213] rtc_cmos 00:05: alarms up to one day, y3k, 242 bytes nvram, hpet irqs
[    1.275980] device-mapper: ioctl: 4.45.0-ioctl (2021-03-22) initialised: dm-devel@redhat.com
[    1.277503] hid: raw HID events driver (C) Jiri Kosina
[    1.279407] usbcore: registered new interface driver usbhid
[    1.280196] usbhid: USB HID core driver
[    1.287857] Initializing XFRM netlink socket
[    1.288456] NET: Registered PF_INET6 protocol family
[    1.292123] Segment Routing with IPv6
[    1.292256] In-situ OAM (IOAM) with IPv6
[    1.292781] sit: IPv6, IPv4 and MPLS over IPv4 tunneling driver
[    1.294183] NET: Registered PF_PACKET protocol family
[    1.294628] Key type dns_resolver registered
[    1.295538] IPI shorthand broadcast: enabled
[    1.295538] sched_clock: Marking stable (1283455380, 11083317)->(1296892521, -2353824)
[    1.296945] registered taskstats version 1
[    1.297006] Loading compiled-in X.509 certificates
[    1.298942] PM:   Magic number: 10:133:719
[    1.299303] printk: console [netcon0] enabled
[    1.299362] netconsole: network logging started
[    1.300646] cfg80211: Loading compiled-in X.509 certificates for regulatory database
[    1.306499] kworker/u2:2 (65) used greatest stack depth: 14856 bytes left
[    1.310832] cfg80211: Loaded X.509 cert 'sforshee: 00b28ddf47aef9cea7'
[    1.311495] platform regulatory.0: Direct firmware load for regulatory.db failed with error -2
[    1.311679] cfg80211: failed to load regulatory.db
[    1.312359] ALSA device list:
[    1.312466]   No soundcards found.
[    1.337846] Freeing unused kernel image (initmem) memory: 1352K
[    1.345891] Write protecting the kernel read-only data: 20480k
[    1.349057] Freeing unused kernel image (text/rodata gap) memory: 2032K
[    1.349544] Freeing unused kernel image (rodata/data gap) memory: 508K
[    1.349923] Run /init as init process
[    1.376851] mount (69) used greatest stack depth: 14816 bytes left

PROCESS_STUDY_BOOT
Linux (none) 5.15.0 #1 SMP Sat Aug 29 10:43:49 CST 2026 x86_64 GNU/Linux
[    1.392756] uname (73) used greatest stack depth: 14680 bytes left
CHECKPOINT before fork cow pid=74 tid=74
child pid=75 address=0x7f6268baf000 before=P
CHECKPOINT child before COW store pid=75 tid=75
parent pid=74 child=75 address=0x7f6268baf000 after child store=P
CHECKPOINT parent after child COW pid=74 tid=74
PASS cow
CHECKPOINT before fork exec pid=74 tid=74
before exec child pid=76
CHECKPOINT child before exec pid=76 tid=76
exec-child pid=76 tid=76
CHECKPOINT after exec pid=76 tid=76
PASS exec-child
PASS exec
main pid=74 tid=74 shared_address=0x4e73d0
thread pid=74 tid=77 shared_address=0x4e73d0
PASS threads
child read=AB
parent read=CD (shared open-file offset)
PASS fd
before waitpid child=79 State:	Z (zombie)
CHECKPOINT zombie before reap pid=74 tid=74
PASS zombie
CHECKPOINT parent before waking reader pid=74 tid=74
child about to pipe read pid=80
[    1.706708] tsc: Refined TSC clocksource calibration: 999.997 MHz
[    1.708240] clocksource: tsc: mask: 0xffffffffffffffff max_cycles: 0x1cd4289f935, max_idle_ns: 881590538292 ns
[    1.709389] clocksource: Switched to clocksource tsc
[    1.875887] input: ImExPS/2 Generic Explorer Mouse as /devices/platform/i8042/serio1/input/input3
PASS pipe
[    2.425181] process_lab (74) used greatest stack depth: 14440 bytes left
PROCESS_STUDY_RESULT=0
PID 1 stays alive until poweroff; no accidental init exit.
[    2.555472] ACPI: PM: Preparing to enter system sleep state S5
[    2.555872] reboot: Power down
